Archive member included because of file (symbol)

c:/program files (x86)/atmel/atmel toolchain/avr8 gcc/native/3.4.1061/avr8-gnu-toolchain/bin/../lib/gcc/avr/4.8.1/avr5\libgcc.a(_exit.o)
                              c:/program files (x86)/atmel/atmel toolchain/avr8 gcc/native/3.4.1061/avr8-gnu-toolchain/bin/../lib/gcc/avr/4.8.1/../../../../avr/lib/avr5/crtm162.o (exit)
c:/program files (x86)/atmel/atmel toolchain/avr8 gcc/native/3.4.1061/avr8-gnu-toolchain/bin/../lib/gcc/avr/4.8.1/avr5\libgcc.a(_copy_data.o)
                              CAN.o (__do_copy_data)
c:/program files (x86)/atmel/atmel toolchain/avr8 gcc/native/3.4.1061/avr8-gnu-toolchain/bin/../lib/gcc/avr/4.8.1/avr5\libgcc.a(_clear_bss.o)
                              CAN.o (__do_clear_bss)
c:/program files (x86)/atmel/atmel toolchain/avr8 gcc/native/3.4.1061/avr8-gnu-toolchain/bin/../lib/gcc/avr/4.8.1/../../../../avr/lib/avr5\libc.a(rand.o)
                              Memory.o (rand)
c:/program files (x86)/atmel/atmel toolchain/avr8 gcc/native/3.4.1061/avr8-gnu-toolchain/bin/../lib/gcc/avr/4.8.1/../../../../avr/lib/avr5\libc.a(itoa_ncheck.o)
                              Pong.o (__itoa_ncheck)
c:/program files (x86)/atmel/atmel toolchain/avr8 gcc/native/3.4.1061/avr8-gnu-toolchain/bin/../lib/gcc/avr/4.8.1/../../../../avr/lib/avr5\libc.a(utoa_ncheck.o)
                              c:/program files (x86)/atmel/atmel toolchain/avr8 gcc/native/3.4.1061/avr8-gnu-toolchain/bin/../lib/gcc/avr/4.8.1/../../../../avr/lib/avr5\libc.a(itoa_ncheck.o) (__utoa_common)
c:/program files (x86)/atmel/atmel toolchain/avr8 gcc/native/3.4.1061/avr8-gnu-toolchain/bin/../lib/gcc/avr/4.8.1/../../../../avr/lib/avr5\libc.a(fdevopen.o)
                              Usart_Driver.o (fdevopen)
c:/program files (x86)/atmel/atmel toolchain/avr8 gcc/native/3.4.1061/avr8-gnu-toolchain/bin/../lib/gcc/avr/4.8.1/../../../../avr/lib/avr5\libc.a(iob.o)
                              c:/program files (x86)/atmel/atmel toolchain/avr8 gcc/native/3.4.1061/avr8-gnu-toolchain/bin/../lib/gcc/avr/4.8.1/../../../../avr/lib/avr5\libc.a(fdevopen.o) (__iob)
c:/program files (x86)/atmel/atmel toolchain/avr8 gcc/native/3.4.1061/avr8-gnu-toolchain/bin/../lib/gcc/avr/4.8.1/../../../../avr/lib/avr5\libc.a(printf.o)
                              CAN.o (printf)
c:/program files (x86)/atmel/atmel toolchain/avr8 gcc/native/3.4.1061/avr8-gnu-toolchain/bin/../lib/gcc/avr/4.8.1/../../../../avr/lib/avr5\libc.a(putchar.o)
                              CAN.o (putchar)
c:/program files (x86)/atmel/atmel toolchain/avr8 gcc/native/3.4.1061/avr8-gnu-toolchain/bin/../lib/gcc/avr/4.8.1/../../../../avr/lib/avr5\libc.a(puts.o)
                              Memory.o (puts)
c:/program files (x86)/atmel/atmel toolchain/avr8 gcc/native/3.4.1061/avr8-gnu-toolchain/bin/../lib/gcc/avr/4.8.1/../../../../avr/lib/avr5\libc.a(scanf.o)
                              Pong.o (scanf)
c:/program files (x86)/atmel/atmel toolchain/avr8 gcc/native/3.4.1061/avr8-gnu-toolchain/bin/../lib/gcc/avr/4.8.1/../../../../avr/lib/avr5\libc.a(sprintf.o)
                              Pong.o (sprintf)
c:/program files (x86)/atmel/atmel toolchain/avr8 gcc/native/3.4.1061/avr8-gnu-toolchain/bin/../lib/gcc/avr/4.8.1/../../../../avr/lib/avr5\libc.a(vfprintf_std.o)
                              c:/program files (x86)/atmel/atmel toolchain/avr8 gcc/native/3.4.1061/avr8-gnu-toolchain/bin/../lib/gcc/avr/4.8.1/../../../../avr/lib/avr5\libc.a(printf.o) (vfprintf)
c:/program files (x86)/atmel/atmel toolchain/avr8 gcc/native/3.4.1061/avr8-gnu-toolchain/bin/../lib/gcc/avr/4.8.1/../../../../avr/lib/avr5\libc.a(vfscanf_std.o)
                              c:/program files (x86)/atmel/atmel toolchain/avr8 gcc/native/3.4.1061/avr8-gnu-toolchain/bin/../lib/gcc/avr/4.8.1/../../../../avr/lib/avr5\libc.a(scanf.o) (vfscanf)
c:/program files (x86)/atmel/atmel toolchain/avr8 gcc/native/3.4.1061/avr8-gnu-toolchain/bin/../lib/gcc/avr/4.8.1/../../../../avr/lib/avr5\libc.a(calloc.o)
                              c:/program files (x86)/atmel/atmel toolchain/avr8 gcc/native/3.4.1061/avr8-gnu-toolchain/bin/../lib/gcc/avr/4.8.1/../../../../avr/lib/avr5\libc.a(fdevopen.o) (calloc)
c:/program files (x86)/atmel/atmel toolchain/avr8 gcc/native/3.4.1061/avr8-gnu-toolchain/bin/../lib/gcc/avr/4.8.1/../../../../avr/lib/avr5\libc.a(malloc.o)
                              c:/program files (x86)/atmel/atmel toolchain/avr8 gcc/native/3.4.1061/avr8-gnu-toolchain/bin/../lib/gcc/avr/4.8.1/../../../../avr/lib/avr5\libc.a(calloc.o) (malloc)
c:/program files (x86)/atmel/atmel toolchain/avr8 gcc/native/3.4.1061/avr8-gnu-toolchain/bin/../lib/gcc/avr/4.8.1/../../../../avr/lib/avr5\libc.a(isspace.o)
                              c:/program files (x86)/atmel/atmel toolchain/avr8 gcc/native/3.4.1061/avr8-gnu-toolchain/bin/../lib/gcc/avr/4.8.1/../../../../avr/lib/avr5\libc.a(vfscanf_std.o) (isspace)
[...]
Memory Configuration

Name             Origin             Length             Attributes
text             0x00000000         0x00020000         xr
data             0x00800060         0x0000ffa0         rw !x
eeprom           0x00810000         0x00010000         rw !x
fuse             0x00820000         0x00000400         rw !x
lock             0x00830000         0x00000400         rw !x
signature        0x00840000         0x00000400         rw !x
user_signatures  0x00850000         0x00000400         rw !x
*default*        0x00000000         0xffffffff

Linker script and memory map

Address of section .data set to 0x800100
LOAD c:/program files (x86)/atmel/atmel toolchain/avr8 gcc/native/3.4.1061/avr8-gnu-toolchain/bin/../lib/gcc/avr/4.8.1/../../../../avr/lib/avr5/crtm162.o
LOAD ADC.o
LOAD CAN.o
LOAD CAN_joystick.o
LOAD joystick.o
LOAD main.o
LOAD MCP2515.o
LOAD Memory.o
LOAD fsm.o
LOAD OLED.o
LOAD Pong.o
LOAD SPI.o
LOAD Usart_Driver.o
LOAD Utilities.o
START GROUP
LOAD c:/program files (x86)/atmel/atmel toolchain/avr8 gcc/native/3.4.1061/avr8-gnu-toolchain/bin/../lib/gcc/avr/4.8.1/../../../../avr/lib/avr5\libm.a
END GROUP
START GROUP
LOAD c:/program files (x86)/atmel/atmel toolchain/avr8 gcc/native/3.4.1061/avr8-gnu-toolchain/bin/../lib/gcc/avr/4.8.1/avr5\libgcc.a
LOAD c:/program files (x86)/atmel/atmel toolchain/avr8 gcc/native/3.4.1061/avr8-gnu-toolchain/bin/../lib/gcc/avr/4.8.1/../../../../avr/lib/avr5\libm.a
LOAD c:/program files (x86)/atmel/atmel toolchain/avr8 gcc/native/3.4.1061/avr8-gnu-toolchain/bin/../lib/gcc/avr/4.8.1/../../../../avr/lib/avr5\libc.a
END GROUP

.hash
 *(.hash)

.dynsym
 *(.dynsym)

.dynstr
 *(.dynstr)

.gnu.version
 *(.gnu.version)

.gnu.version_d
 *(.gnu.version_d)

.gnu.version_r
 *(.gnu.version_r)

.rel.init
 *(.rel.init)

.rela.init
 *(.rela.init)

.rel.text
 *(.rel.text)
 *(.rel.text.*)
 *(.rel.gnu.linkonce.t*)

.rela.text
 *(.rela.text)
 *(.rela.text.*)
 *(.rela.gnu.linkonce.t*)

.rel.fini
 *(.rel.fini)

.rela.fini
 *(.rela.fini)

.rel.rodata
 *(.rel.rodata)
 *(.rel.rodata.*)
 *(.rel.gnu.linkonce.r*)

.rela.rodata
 *(.rela.rodata)
 *(.rela.rodata.*)
 *(.rela.gnu.linkonce.r*)

.rel.data
 *(.rel.data)
 *(.rel.data.*)
 *(.rel.gnu.linkonce.d*)

.rela.data
 *(.rela.data)
 *(.rela.data.*)
 *(.rela.gnu.linkonce.d*)

.rel.ctors
 *(.rel.ctors)

.rela.ctors
 *(.rela.ctors)

.rel.dtors
 *(.rel.dtors)

.rela.dtors
 *(.rela.dtors)

.rel.got
 *(.rel.got)

.rela.got
 *(.rela.got)

.rel.bss
 *(.rel.bss)

.rela.bss
 *(.rela.bss)

.rel.plt
 *(.rel.plt)

.rela.plt
 *(.rela.plt)

.text           0x00000000     0x1e62
 *(.vectors)
 .vectors       0x00000000       0x70 c:/program files (x86)/atmel/atmel toolchain/avr8 gcc/native/3.4.1061/avr8-gnu-toolchain/bin/../lib/gcc/avr/4.8.1/../../../../avr/lib/avr5/crtm162.o
                0x00000000                __vector_default
                0x00000000                __vectors
 *(.vectors)
 *(.progmem.gcc*)
                0x00000070                . = ALIGN (0x2)
                0x00000070                __trampolines_start = .
 *(.trampolines)
 .trampolines   0x00000070        0x0 linker stubs
 *(.trampolines*)
                0x00000070                __trampolines_end = .
 *(.progmem*)
 .progmem.data.font8
                0x00000070      0x308 OLED.o
                0x00000070                font8
 .progmem.data  0x00000378        0xc c:/program files (x86)/atmel/atmel toolchain/avr8 gcc/native/3.4.1061/avr8-gnu-toolchain/bin/../lib/gcc/avr/4.8.1/../../../../avr/lib/avr5\libc.a(vfscanf_std.o)
                0x00000384                . = ALIGN (0x2)
 *(.jumptables)
 *(.jumptables*)
 *(.lowtext)
 *(.lowtext*)
                0x00000384                __ctors_start = .
 *(.ctors)
                0x00000384                __ctors_end = .
                0x00000384                __dtors_start = .
 *(.dtors)
                0x00000384                __dtors_end = .
 SORT(*)(.ctors)
 SORT(*)(.dtors)
 *(.init0)
 .init0         0x00000384        0x0 c:/program files (x86)/atmel/atmel toolchain/avr8 gcc/native/3.4.1061/avr8-gnu-toolchain/bin/../lib/gcc/avr/4.8.1/../../../../avr/lib/avr5/crtm162.o
                0x00000384                __init
 *(.init0)
 *(.init1)
 *(.init1)
 *(.init2)
 .init2         0x00000384        0xc c:/program files (x86)/atmel/atmel toolchain/avr8 gcc/native/3.4.1061/avr8-gnu-toolchain/bin/../lib/gcc/avr/4.8.1/../../../../avr/lib/avr5/crtm162.o
 *(.init2)
 *(.init3)
 *(.init3)
 *(.init4)
 .init4         0x00000390       0x16 c:/program files (x86)/atmel/atmel toolchain/avr8 gcc/native/3.4.1061/avr8-gnu-toolchain/bin/../lib/gcc/avr/4.8.1/avr5\libgcc.a(_copy_data.o)
                0x00000390                __do_copy_data
 .init4         0x000003a6       0x10 c:/program files (x86)/atmel/atmel toolchain/avr8 gcc/native/3.4.1061/avr8-gnu-toolchain/bin/../lib/gcc/avr/4.8.1/avr5\libgcc.a(_clear_bss.o)
                0x000003a6                __do_clear_bss
 *(.init4)
 *(.init5)
 *(.init5)
 *(.init6)
 *(.init6)
 *(.init7)
 *(.init7)
 *(.init8)
 *(.init8)
 *(.init9)
 .init9         0x000003b6        0x6 c:/program files (x86)/atmel/atmel toolchain/avr8 gcc/native/3.4.1061/avr8-gnu-toolchain/bin/../lib/gcc/avr/4.8.1/../../../../avr/lib/avr5/crtm162.o
 *(.init9)
 *(.text)
 .text          0x000003bc        0x2 c:/program files (x86)/atmel/atmel toolchain/avr8 gcc/native/3.4.1061/avr8-gnu-toolchain/bin/../lib/gcc/avr/4.8.1/../../../../avr/lib/avr5/crtm162.o
                0x000003bc                __vector_22
                0x000003bc                __vector_1
                0x000003bc                __vector_24
                0x000003bc                __vector_12
                0x000003bc                __bad_interrupt
                0x000003bc                __vector_6
                0x000003bc                __vector_23
                0x000003bc                __vector_25
                0x000003bc                __vector_11
                0x000003bc                __vector_13
                0x000003bc                __vector_17
                0x000003bc                __vector_19
                0x000003bc                __vector_7
                0x000003bc                __vector_27
                0x000003bc                __vector_5
                0x000003bc                __vector_4
                0x000003bc                __vector_9
                0x000003bc                __vector_2
                0x000003bc                __vector_21
                0x000003bc                __vector_15
                0x000003bc                __vector_8
                0x000003bc                __vector_26
                0x000003bc                __vector_14
                0x000003bc                __vector_10
                0x000003bc                __vector_16
                0x000003bc                __vector_18
                0x000003bc                __vector_20
                0x000003be                . = ALIGN (0x2)
 *(.text.*)
 .text.ADC_read
                0x000003be       0x6e ADC.o
                0x000003be                ADC_read
 .text.CAN_init
                0x0000042c        0xe CAN.o
                0x0000042c                CAN_init
 .text.CAN_message_send
                0x0000043a       0x58 CAN.o
                0x0000043a                CAN_message_send
 .text.CAN_receive
                0x00000492       0x76 CAN.o
                0x00000492                CAN_receive
 .text.__vector_3
                0x00000508       0x1e CAN.o
                0x00000508                __vector_3
 .text.send_all_slider
                0x00000526       0x56 CAN_joystick.o
                0x00000526                send_all_slider
 .text.send_all_joy
                0x0000057c       0x56 CAN_joystick.o
                0x0000057c                send_all_joy
 .text.JOY_init
                0x000005d2        0x4 joystick.o
                0x000005d2                JOY_init
 .text.JOY_get_button
                0x000005d6        0xe joystick.o
                0x000005d6                JOY_get_button
 .text.JOY_get_pos_x
                0x000005e4       0x12 joystick.o
                0x000005e4                JOY_get_pos_x
 .text.JOY_get_pos_y
                0x000005f6       0x12 joystick.o
                0x000005f6                JOY_get_pos_y
 .text.JOY_get_dir_y
                0x00000608       0x2c joystick.o
                0x00000608                JOY_get_dir_y
 .text.right_slider_pos
                0x00000634        0xa joystick.o
                0x00000634                right_slider_pos
 .text.main     0x0000063e       0x8a main.o
                0x0000063e                main
 .text.mcp2515_read
                0x000006c8       0x16 MCP2515.o
                0x000006c8                mcp2515_read
 .text.mcp2515_write
                0x000006de       0x1e MCP2515.o
                0x000006de                mcp2515_write
 .text.mcp2515_set_mode
                0x000006fc        0x8 MCP2515.o
                0x000006fc                mcp2515_set_mode
 .text.mcp2515_request_to_send
                0x00000704        0x8 MCP2515.o
                0x00000704                mcp2515_request_to_send
 .text.mcp2515_bit_modify
                0x0000070c       0x28 MCP2515.o
                0x0000070c                mcp2515_bit_modify
 .text.mcp2515_reset
                0x00000734       0x1a MCP2515.o
                0x00000734                mcp2515_reset
 .text.mcp2515_init
                0x0000074e       0x54 MCP2515.o
                0x0000074e                mcp2515_init
 .text.init_memory
                0x000007a2        0xe Memory.o
                0x000007a2                init_memory
 .text.fsm_getCurrentState
                0x000007b0        0x8 fsm.o
                0x000007b0                fsm_getCurrentState
 .text.fsm_evMainMenu
                0x000007b8        0xe fsm.o
                0x000007b8                fsm_evMainMenu
 .text.fsm_evInit
                0x000007c6       0x1c fsm.o
                0x000007c6                fsm_evInit
 .text.fsm_evPong
                0x000007e2       0x10 fsm.o
                0x000007e2                fsm_evPong
 .text.fsm_evSnek
                0x000007f2       0x10 fsm.o
                0x000007f2                fsm_evSnek
 .text.fsm_evMenuNavigate
                0x00000802       0x84 fsm.o
                0x00000802                fsm_evMenuNavigate
 .text.fsm_evReturn
                0x00000886       0x32 fsm.o
                0x00000886                fsm_evReturn
 .text.OLED_home
                0x000008b8       0x18 OLED.o
                0x000008b8                OLED_home
 .text.OLED_goto_line
                0x000008d0       0x26 OLED.o
                0x000008d0                OLED_goto_line
 .text.OLED_clear_line
                0x000008f6       0x34 OLED.o
                0x000008f6                OLED_clear_line
 .text.OLED_clear
                0x0000092a       0x22 OLED.o
                0x0000092a                OLED_clear
 .text.print_OLED_symbol_from_sram
                0x0000094c       0x2a OLED.o
                0x0000094c                print_OLED_symbol_from_sram
 .text.print_OLED_string
                0x00000976       0x32 OLED.o
                0x00000976                print_OLED_string
 .text.print_OLED_symbol
                0x000009a8       0x20 OLED.o
                0x000009a8                print_OLED_symbol
 .text.OLED_refresh
                0x000009c8       0x66 OLED.o
                0x000009c8                OLED_refresh
 .text.OLED_init
                0x00000a2e       0x74 OLED.o
                0x00000a2e                OLED_init
 .text.update_score
                0x00000aa2       0x66 Pong.o
                0x00000aa2                update_score
 .text.Pong_init
                0x00000b08       0x76 Pong.o
                0x00000b08                Pong_init
 .text.Pong_joy
                0x00000b7e       0x68 Pong.o
                0x00000b7e                Pong_joy
 .text.Pong_slider
                0x00000be6       0x68 Pong.o
                0x00000be6                Pong_slider
 .text.PlayPong2
                0x00000c4e       0x12 Pong.o
                0x00000c4e                PlayPong2
 .text.print_Highscore
                0x00000c60      0x114 Pong.o
                0x00000c60                print_Highscore
 .text.place_Highscore
                0x00000d74       0xaa Pong.o
                0x00000d74                place_Highscore
 .text.get_highscore_line
                0x00000e1e       0x98 Pong.o
                0x00000e1e                get_highscore_line
 .text.SPI_MasterInit
                0x00000eb6        0xe SPI.o
                0x00000eb6                SPI_MasterInit
 .text.SPI_Read
                0x00000ec4        0xc SPI.o
                0x00000ec4                SPI_Read
 .text.SPI_Send
                0x00000ed0        0x8 SPI.o
                0x00000ed0                SPI_Send
 .text.USART_Transmit
                0x00000ed8        0x8 Usart_Driver.o
                0x00000ed8                USART_Transmit
 .text.USART_Receive
                0x00000ee0        0x8 Usart_Driver.o
                0x00000ee0                USART_Receive
 .text.USART_Init
                0x00000ee8       0x20 Usart_Driver.o
                0x00000ee8                USART_Init
 .text.avr-libc
                0x00000f08       0x14 c:/program files (x86)/atmel/atmel toolchain/avr8 gcc/native/3.4.1061/avr8-gnu-toolchain/bin/../lib/gcc/avr/4.8.1/../../../../avr/lib/avr5\libc.a(itoa_ncheck.o)
                0x00000f08                __itoa_ncheck
 .text.avr-libc
                0x00000f1c       0x32 c:/program files (x86)/atmel/atmel toolchain/avr8 gcc/native/3.4.1061/avr8-gnu-toolchain/bin/../lib/gcc/avr/4.8.1/../../../../avr/lib/avr5\libc.a(utoa_ncheck.o)
                0x00000f1c                __utoa_ncheck
                0x00000f1e                __utoa_common
 .text.avr-libc
                0x00000f4e       0x94 c:/program files (x86)/atmel/atmel toolchain/avr8 gcc/native/3.4.1061/avr8-gnu-toolchain/bin/../lib/gcc/avr/4.8.1/../../../../avr/lib/avr5\libc.a(fdevopen.o)
                0x00000f4e                fdevopen
 .text.avr-libc
                0x00000fe2       0x22 c:/program files (x86)/atmel/atmel toolchain/avr8 gcc/native/3.4.1061/avr8-gnu-toolchain/bin/../lib/gcc/avr/4.8.1/../../../../avr/lib/avr5\libc.a(printf.o)
                0x00000fe2                printf
 .text.avr-libc
                0x00001004       0x22 c:/program files (x86)/atmel/atmel toolchain/avr8 gcc/native/3.4.1061/avr8-gnu-toolchain/bin/../lib/gcc/avr/4.8.1/../../../../avr/lib/avr5\libc.a(scanf.o)
                0x00001004                scanf
 .text.avr-libc
                0x00001026       0x3e c:/program files (x86)/atmel/atmel toolchain/avr8 gcc/native/3.4.1061/avr8-gnu-toolchain/bin/../lib/gcc/avr/4.8.1/../../../../avr/lib/avr5\libc.a(sprintf.o)
                0x00001026                sprintf
 .text.avr-libc
                0x00001064      0x386 c:/program files (x86)/atmel/atmel toolchain/avr8 gcc/native/3.4.1061/avr8-gnu-toolchain/bin/../lib/gcc/avr/4.8.1/../../../../avr/lib/avr5\libc.a(vfprintf_std.o)
                0x00001064                vfprintf
 .text.avr-libc
                0x000013ea      0x530 c:/program files (x86)/atmel/atmel toolchain/avr8 gcc/native/3.4.1061/avr8-gnu-toolchain/bin/../lib/gcc/avr/4.8.1/../../../../avr/lib/avr5\libc.a(vfscanf_std.o)
                0x000016c8                vfscanf
 .text.avr-libc
                0x0000191a       0x34 c:/program files (x86)/atmel/atmel toolchain/avr8 gcc/native/3.4.1061/avr8-gnu-toolchain/bin/../lib/gcc/avr/4.8.1/../../../../avr/lib/avr5\libc.a(calloc.o)
                0x0000191a                calloc
 .text.avr-libc
                0x0000194e      0x24e c:/program files (x86)/atmel/atmel toolchain/avr8 gcc/native/3.4.1061/avr8-gnu-toolchain/bin/../lib/gcc/avr/4.8.1/../../../../avr/lib/avr5\libc.a(malloc.o)
                0x0000194e                malloc
                0x00001a7e                free
 .text.avr-libc
                0x00001b9c       0x10 c:/program files (x86)/atmel/atmel toolchain/avr8 gcc/native/3.4.1061/avr8-gnu-toolchain/bin/../lib/gcc/avr/4.8.1/../../../../avr/lib/avr5\libc.a(isspace.o)
                0x00001b9c                isspace
 .text.avr-libc
                0x00001bac       0x16 c:/program files (x86)/atmel/atmel toolchain/avr8 gcc/native/3.4.1061/avr8-gnu-toolchain/bin/../lib/gcc/avr/4.8.1/../../../../avr/lib/avr5\libc.a(strchr_P.o)
                0x00001bac                strchr_P
 .text.avr-libc
                0x00001bc2       0x16 c:/program files (x86)/atmel/atmel toolchain/avr8 gcc/native/3.4.1061/avr8-gnu-toolchain/bin/../lib/gcc/avr/4.8.1/../../../../avr/lib/avr5\libc.a(strnlen_P.o)
                0x00001bc2                strnlen_P
 .text.avr-libc
                0x00001bd8        0xe c:/program files (x86)/atmel/atmel toolchain/avr8 gcc/native/3.4.1061/avr8-gnu-toolchain/bin/../lib/gcc/avr/4.8.1/../../../../avr/lib/avr5\libc.a(memset.o)
                0x00001bd8                memset
 .text.avr-libc
                0x00001be6       0x16 c:/program files (x86)/atmel/atmel toolchain/avr8 gcc/native/3.4.1061/avr8-gnu-toolchain/bin/../lib/gcc/avr/4.8.1/../../../../avr/lib/avr5\libc.a(strnlen.o)
                0x00001be6                strnlen
 .text.avr-libc
                0x00001bfc       0x20 c:/program files (x86)/atmel/atmel toolchain/avr8 gcc/native/3.4.1061/avr8-gnu-toolchain/bin/../lib/gcc/avr/4.8.1/../../../../avr/lib/avr5\libc.a(strrev.o)
                0x00001bfc                strrev
 .text.avr-libc
                0x00001c1c       0x7c c:/program files (x86)/atmel/atmel toolchain/avr8 gcc/native/3.4.1061/avr8-gnu-toolchain/bin/../lib/gcc/avr/4.8.1/../../../../avr/lib/avr5\libc.a(fgetc.o)
                0x00001c1c                fgetc
 .text.avr-libc
                0x00001c98       0x64 c:/program files (x86)/atmel/atmel toolchain/avr8 gcc/native/3.4.1061/avr8-gnu-toolchain/bin/../lib/gcc/avr/4.8.1/../../../../avr/lib/avr5\libc.a(fputc.o)
                0x00001c98                fputc
 .text.avr-libc
                0x00001cfc       0x32 c:/program files (x86)/atmel/atmel toolchain/avr8 gcc/native/3.4.1061/avr8-gnu-toolchain/bin/../lib/gcc/avr/4.8.1/../../../../avr/lib/avr5\libc.a(ungetc.o)
                0x00001cfc                ungetc
 .text.avr-libc
                0x00001d2e       0xbc c:/program files (x86)/atmel/atmel toolchain/avr8 gcc/native/3.4.1061/avr8-gnu-toolchain/bin/../lib/gcc/avr/4.8.1/../../../../avr/lib/avr5\libc.a(ultoa_invert.o)
                0x00001d2e                __ultoa_invert
 .text.avr-libc
                0x00001dea        0x6 c:/program files (x86)/atmel/atmel toolchain/avr8 gcc/native/3.4.1061/avr8-gnu-toolchain/bin/../lib/gcc/avr/4.8.1/../../../../avr/lib/avr5\libc.a(cty_isfalse.o)
                0x00001dea                __ctype_isfalse
                0x00001dee                __ctype_istrue
 .text.libgcc.prologue
                0x00001df0       0x38 c:/program files (x86)/atmel/atmel toolchain/avr8 gcc/native/3.4.1061/avr8-gnu-toolchain/bin/../lib/gcc/avr/4.8.1/avr5\libgcc.a(_prologue.o)
                0x00001df0                __prologue_saves__
 .text.libgcc.prologue
                0x00001e28       0x36 c:/program files (x86)/atmel/atmel toolchain/avr8 gcc/native/3.4.1061/avr8-gnu-toolchain/bin/../lib/gcc/avr/4.8.1/avr5\libgcc.a(_epilogue.o)
                0x00001e28                __epilogue_restores__
                0x00001e5e                . = ALIGN (0x2)
 *(.fini9)
 .fini9         0x00001e5e        0x0 c:/program files (x86)/atmel/atmel toolchain/avr8 gcc/native/3.4.1061/avr8-gnu-toolchain/bin/../lib/gcc/avr/4.8.1/avr5\libgcc.a(_exit.o)
                0x00001e5e                _exit
                0x00001e5e                exit
 *(.fini9)
 *(.fini8)
 *(.fini8)
 *(.fini7)
 *(.fini7)
 *(.fini6)
 *(.fini6)
 *(.fini5)
 *(.fini5)
 *(.fini4)
 *(.fini4)
 *(.fini3)
 *(.fini3)
 *(.fini2)
 *(.fini2)
 *(.fini1)
 *(.fini1)
 *(.fini0)
 .fini0         0x00001e5e        0x4 c:/program files (x86)/atmel/atmel toolchain/avr8 gcc/native/3.4.1061/avr8-gnu-toolchain/bin/../lib/gcc/avr/4.8.1/avr5\libgcc.a(_exit.o)
 *(.fini0)
                0x00001e62                _etext = .

.data           0x00800100      0x2fa load address 0x00001e62
                0x00800100                PROVIDE (__data_start, .)
 *(.data)
 .data          0x00800100        0x6 c:/program files (x86)/atmel/atmel toolchain/avr8 gcc/native/3.4.1061/avr8-gnu-toolchain/bin/../lib/gcc/avr/4.8.1/../../../../avr/lib/avr5\libc.a(malloc.o)
                0x00800100                __malloc_heap_end
                0x00800102                __malloc_heap_start
                0x00800104                __malloc_margin
 *(.data*)
 .data.Highscore
                0x00800106       0x12 Pong.o
 *(.rodata)
 *(.rodata*)
 .rodata.str1.1
                0x00800118       0x44 MCP2515.o
 .rodata.str1.1
                0x0080015c      0x154 fsm.o
 .rodata.str1.1
                0x008002b0      0x14a Pong.o
                                0x14f (size before relaxing)
 *(.gnu.linkonce.d*)
                0x008003fa                . = ALIGN (0x2)
                0x008003fa                _edata = .
                0x008003fa                PROVIDE (__data_end, .)

.bss            0x008003fa        0xe
                0x008003fa                PROVIDE (__bss_start, .)
 *(.bss)
 *(.bss*)
 .bss.CAN_int_flag
                0x008003fa        0x1 CAN.o
 .bss.currentState
                0x008003fb        0x1 fsm.o
 .bss.cursor    0x008003fc        0x2 OLED.o
 *(COMMON)
 COMMON         0x008003fe        0x6 c:/program files (x86)/atmel/atmel toolchain/avr8 gcc/native/3.4.1061/avr8-gnu-toolchain/bin/../lib/gcc/avr/4.8.1/../../../../avr/lib/avr5\libc.a(iob.o)
                0x008003fe                __iob
 COMMON         0x00800404        0x4 c:/program files (x86)/atmel/atmel toolchain/avr8 gcc/native/3.4.1061/avr8-gnu-toolchain/bin/../lib/gcc/avr/4.8.1/../../../../avr/lib/avr5\libc.a(malloc.o)
                0x00800404                __brkval
                0x00800406                __flp
                0x00800408                PROVIDE (__bss_end, .)
                0x00001e62                __data_load_start = LOADADDR (.data)
                0x0000215c                __data_load_end = (__data_load_start + SIZEOF (.data))

.noinit         0x00800408        0x0
                0x00800408                PROVIDE (__noinit_start, .)
 *(.noinit*)
                0x00800408                PROVIDE (__noinit_end, .)
                0x00800408                _end = .
                0x00800408                PROVIDE (__heap_start, .)

.eeprom         0x00810000        0x0
 *(.eeprom*)
                0x00810000                __eeprom_end = .

.fuse
 *(.fuse)
 *(.lfuse)
 *(.hfuse)
 *(.efuse)

.lock
 *(.lock*)

.signature
 *(.signature*)

.user_signatures
 *(.user_signatures*)

.stab
 *(.stab)

.stabstr
 *(.stabstr)

.stab.excl
 *(.stab.excl)

.stab.exclstr
 *(.stab.exclstr)

.stab.index
 *(.stab.index)

.stab.indexstr
 *(.stab.indexstr)

.comment        0x00000000       0x5c
 *(.comment)
 .comment       0x00000000       0x30 ADC.o
                                 0x31 (size before relaxing)
 .comment       0x00000000       0x31 CAN.o
 .comment       0x00000000       0x31 CAN_joystick.o
 .comment       0x00000000       0x31 joystick.o
 .comment       0x00000000       0x31 main.o
 .comment       0x00000000       0x31 MCP2515.o
 .comment       0x00000000       0x31 Memory.o
 .comment       0x00000000       0x31 fsm.o
 .comment       0x00000000       0x31 OLED.o
 .comment       0x00000000       0x31 Pong.o
 .comment       0x00000000       0x31 SPI.o
 .comment       0x00000000       0x31 Usart_Driver.o
 .comment       0x00000000       0x31 c:/program files (x86)/atmel/atmel toolchain/avr8 gcc/native/3.4.1061/avr8-gnu-toolchain/bin/../lib/gcc/avr/4.8.1/../../../../avr/lib/avr5\libc.a(fdevopen.o)
 .comment       0x00000000       0x31 c:/program files (x86)/atmel/atmel toolchain/avr8 gcc/native/3.4.1061/avr8-gnu-toolchain/bin/../lib/gcc/avr/4.8.1/../../../../avr/lib/avr5\libc.a(iob.o)
 .comment       0x00000000       0x31 c:/program files (x86)/atmel/atmel toolchain/avr8 gcc/native/3.4.1061/avr8-gnu-toolchain/bin/../lib/gcc/avr/4.8.1/../../../../avr/lib/avr5\libc.a(printf.o)
 .comment       0x00000000       0x31 c:/program files (x86)/atmel/atmel toolchain/avr8 gcc/native/3.4.1061/avr8-gnu-toolchain/bin/../lib/gcc/avr/4.8.1/../../../../avr/lib/avr5\libc.a(scanf.o)
 .comment       0x00000000       0x31 c:/program files (x86)/atmel/atmel toolchain/avr8 gcc/native/3.4.1061/avr8-gnu-toolchain/bin/../lib/gcc/avr/4.8.1/../../../../avr/lib/avr5\libc.a(sprintf.o)
 .comment       0x00000030       0x2c c:/program files (x86)/atmel/atmel toolchain/avr8 gcc/native/3.4.1061/avr8-gnu-toolchain/bin/../lib/gcc/avr/4.8.1/../../../../avr/lib/avr5\libc.a(vfprintf_std.o)
                                 0x2d (size before relaxing)
 .comment       0x00000000       0x2d c:/program files (x86)/atmel/atmel toolchain/avr8 gcc/native/3.4.1061/avr8-gnu-toolchain/bin/../lib/gcc/avr/4.8.1/../../../../avr/lib/avr5\libc.a(vfscanf_std.o)
 .comment       0x00000000       0x31 c:/program files (x86)/atmel/atmel toolchain/avr8 gcc/native/3.4.1061/avr8-gnu-toolchain/bin/../lib/gcc/avr/4.8.1/../../../../avr/lib/avr5\libc.a(calloc.o)
 .comment       0x00000000       0x31 c:/program files (x86)/atmel/atmel toolchain/avr8 gcc/native/3.4.1061/avr8-gnu-toolchain/bin/../lib/gcc/avr/4.8.1/../../../../avr/lib/avr5\libc.a(malloc.o)
 .comment       0x00000000       0x31 c:/program files (x86)/atmel/atmel toolchain/avr8 gcc/native/3.4.1061/avr8-gnu-toolchain/bin/../lib/gcc/avr/4.8.1/../../../../avr/lib/avr5\libc.a(fgetc.o)
 .comment       0x00000000       0x31 c:/program files (x86)/atmel/atmel toolchain/avr8 gcc/native/3.4.1061/avr8-gnu-toolchain/bin/../lib/gcc/avr/4.8.1/../../../../avr/lib/avr5\libc.a(fputc.o)
 .comment       0x00000000       0x31 c:/program files (x86)/atmel/atmel toolchain/avr8 gcc/native/3.4.1061/avr8-gnu-toolchain/bin/../lib/gcc/avr/4.8.1/../../../../avr/lib/avr5\libc.a(ungetc.o)

.note.gnu.build-id
 *(.note.gnu.build-id)

.debug
 *(.debug)

.line
 *(.line)

.debug_srcinfo
 *(.debug_srcinfo)

.debug_sfnames
 *(.debug_sfnames)

.debug_aranges  0x00000000      0x378
 *(.debug_aranges)
 .debug_aranges
                0x00000000       0x20 ADC.o
 .debug_aranges
                0x00000020       0x40 CAN.o
 .debug_aranges
                0x00000060       0x30 CAN_joystick.o
 .debug_aranges
                0x00000090       0x80 joystick.o
 .debug_aranges
                0x00000110       0x20 main.o
 .debug_aranges
                0x00000130       0x58 MCP2515.o
 .debug_aranges
                0x00000188       0x30 Memory.o
 .debug_aranges
                0x000001b8       0x58 fsm.o
 .debug_aranges
                0x00000210       0x98 OLED.o
 .debug_aranges
                0x000002a8       0x68 Pong.o
 .debug_aranges
                0x00000310       0x30 SPI.o
 .debug_aranges
                0x00000340       0x38 Usart_Driver.o

.debug_pubnames
 *(.debug_pubnames)

.debug_info     0x00000000     0x302c
 *(.debug_info .gnu.linkonce.wi.*)
 .debug_info    0x00000000      0x1f6 ADC.o
 .debug_info    0x000001f6      0x3fa CAN.o
 .debug_info    0x000005f0      0x2e5 CAN_joystick.o
 .debug_info    0x000008d5      0x31b joystick.o
 .debug_info    0x00000bf0      0x260 main.o
 .debug_info    0x00000e50      0x47c MCP2515.o
 .debug_info    0x000012cc      0x218 Memory.o
 .debug_info    0x000014e4      0x4e0 fsm.o
 .debug_info    0x000019c4      0x893 OLED.o
 .debug_info    0x00002257      0xa7d Pong.o
 .debug_info    0x00002cd4       0xcc SPI.o
 .debug_info    0x00002da0      0x28c Usart_Driver.o

.debug_abbrev   0x00000000     0x12bb
 *(.debug_abbrev)
 .debug_abbrev  0x00000000      0x10c ADC.o
 .debug_abbrev  0x0000010c      0x1e7 CAN.o
 .debug_abbrev  0x000002f3      0x155 CAN_joystick.o
 .debug_abbrev  0x00000448      0x13e joystick.o
 .debug_abbrev  0x00000586      0x11a main.o
 .debug_abbrev  0x000006a0      0x1f3 MCP2515.o
 .debug_abbrev  0x00000893      0x133 Memory.o
 .debug_abbrev  0x000009c6      0x1f1 fsm.o
 .debug_abbrev  0x00000bb7      0x1fe OLED.o
 .debug_abbrev  0x00000db5      0x2e2 Pong.o
 .debug_abbrev  0x00001097       0x95 SPI.o
 .debug_abbrev  0x0000112c      0x18f Usart_Driver.o

.debug_line     0x00000000     0x34ce
 *(.debug_line .debug_line.* .debug_line_end)
 .debug_line    0x00000000      0x36c ADC.o
 .debug_line    0x0000036c      0x43e CAN.o
 .debug_line    0x000007aa      0x3e9 CAN_joystick.o
 .debug_line    0x00000b93      0x4b7 joystick.o
 .debug_line    0x0000104a      0x3f2 main.o
 .debug_line    0x0000143c      0x47f MCP2515.o
 .debug_line    0x000018bb      0x3d1 Memory.o
 .debug_line    0x00001c8c      0x50a fsm.o
 .debug_line    0x00002196      0x5f7 OLED.o
 .debug_line    0x0000278d      0x66f Pong.o
 .debug_line    0x00002dfc      0x346 SPI.o
 .debug_line    0x00003142      0x38c Usart_Driver.o

.debug_frame    0x00000000      0x940
 *(.debug_frame)
 .debug_frame   0x00000000       0x24 ADC.o
 .debug_frame   0x00000024       0xec CAN.o
 .debug_frame   0x00000110       0xac CAN_joystick.o
 .debug_frame   0x000001bc      0x100 joystick.o
 .debug_frame   0x000002bc       0x24 main.o
 .debug_frame   0x000002e0       0xcc MCP2515.o
 .debug_frame   0x000003ac       0xb8 Memory.o
 .debug_frame   0x00000464       0xdc fsm.o
 .debug_frame   0x00000540      0x188 OLED.o
 .debug_frame   0x000006c8      0x1c4 Pong.o
 .debug_frame   0x0000088c       0x44 SPI.o
 .debug_frame   0x000008d0       0x70 Usart_Driver.o

.debug_str      0x00000000     0x9560
 *(.debug_str)
 .debug_str     0x00000000     0x7106 ADC.o
                               0x7228 (size before relaxing)
 .debug_str     0x00007106      0x844 CAN.o
                               0x7a0f (size before relaxing)
 .debug_str     0x0000794a       0x97 CAN_joystick.o
                               0x7a09 (size before relaxing)
 .debug_str     0x000079e1       0x84 joystick.o
                               0x7299 (size before relaxing)
 .debug_str     0x00007a65      0x4a2 main.o
                               0x7dfd (size before relaxing)
 .debug_str     0x00007f07       0x97 MCP2515.o
                               0x7a5f (size before relaxing)
 .debug_str     0x00007f9e       0x9a Memory.o
                               0x7293 (size before relaxing)
 .debug_str     0x00008038       0xd4 fsm.o
                               0x7f2c (size before relaxing)
 .debug_str     0x0000810c     0x12f8 OLED.o
                               0x8543 (size before relaxing)
 .debug_str     0x00009404       0xe6 Pong.o
                               0x7f89 (size before relaxing)
 .debug_str     0x000094ea        0xb SPI.o
                               0x71ec (size before relaxing)
 .debug_str     0x000094f5       0x6b Usart_Driver.o
                               0x7294 (size before relaxing)

.debug_loc      0x00000000     0x1d5b
 *(.debug_loc)
 .debug_loc     0x00000000      0x1ea ADC.o
 .debug_loc     0x000001ea      0x35f CAN.o
 .debug_loc     0x00000549      0x2c2 CAN_joystick.o
 .debug_loc     0x0000080b      0x133 joystick.o
 .debug_loc     0x0000093e      0x2cd MCP2515.o
 .debug_loc     0x00000c0b      0x1c2 Memory.o
 .debug_loc     0x00000dcd      0x272 fsm.o
 .debug_loc     0x0000103f      0x5f2 OLED.o
 .debug_loc     0x00001631      0x6c9 Pong.o
 .debug_loc     0x00001cfa       0x61 Usart_Driver.o

.debug_macinfo
 *(.debug_macinfo)

.debug_weaknames
 *(.debug_weaknames)

.debug_funcnames
 *(.debug_funcnames)

.debug_typenames
 *(.debug_typenames)

.debug_varnames
 *(.debug_varnames)

.debug_pubtypes
 *(.debug_pubtypes)

.debug_ranges   0x00000000      0x3a8
 *(.debug_ranges)
 .debug_ranges  0x00000000       0x10 ADC.o
 .debug_ranges  0x00000010       0x30 CAN.o
 .debug_ranges  0x00000040       0x20 CAN_joystick.o
 .debug_ranges  0x00000060       0x70 joystick.o
 .debug_ranges  0x000000d0       0x10 main.o
 .debug_ranges  0x000000e0       0x48 MCP2515.o
 .debug_ranges  0x00000128       0x50 Memory.o
 .debug_ranges  0x00000178       0x48 fsm.o
 .debug_ranges  0x000001c0      0x118 OLED.o
 .debug_ranges  0x000002d8       0x88 Pong.o
 .debug_ranges  0x00000360       0x20 SPI.o
 .debug_ranges  0x00000380       0x28 Usart_Driver.o

.debug_macro    0x00000000     0x38c3
 *(.debug_macro)
 .debug_macro   0x00000000      0x101 ADC.o
 .debug_macro   0x00000101      0xa30 ADC.o
 .debug_macro   0x00000b31       0x3a ADC.o
 .debug_macro   0x00000b6b       0x10 ADC.o
 .debug_macro   0x00000b7b      0x1ad ADC.o
 .debug_macro   0x00000d28      0x293 ADC.o
 .debug_macro   0x00000fbb       0x9e ADC.o
 .debug_macro   0x00001059      0xf36 ADC.o
 .debug_macro   0x00001f8f      0x185 ADC.o
 .debug_macro   0x00002114       0xbd ADC.o
 .debug_macro   0x000021d1       0x34 ADC.o
 .debug_macro   0x00002205       0x18 ADC.o
 .debug_macro   0x0000221d       0x6c ADC.o
 .debug_macro   0x00002289       0x69 ADC.o
 .debug_macro   0x000022f2       0x10 ADC.o
 .debug_macro   0x00002302      0x16d ADC.o
 .debug_macro   0x0000246f       0x58 ADC.o
 .debug_macro   0x000024c7       0x10 ADC.o
 .debug_macro   0x000024d7       0x97 ADC.o
 .debug_macro   0x0000256e       0xeb ADC.o
 .debug_macro   0x00002659       0x1c ADC.o
 .debug_macro   0x00002675       0x97 ADC.o
 .debug_macro   0x0000270c       0x60 ADC.o
 .debug_macro   0x0000276c       0x2e ADC.o
 .debug_macro   0x0000279a      0x11a CAN.o
 .debug_macro   0x000028b4      0x2bb CAN.o
 .debug_macro   0x00002b6f      0x12e CAN_joystick.o
 .debug_macro   0x00002c9d      0x10b joystick.o
 .debug_macro   0x00002da8      0x177 main.o
 .debug_macro   0x00002f1f       0x22 main.o
 .debug_macro   0x00002f41       0x2e main.o
 .debug_macro   0x00002f6f       0x10 main.o
 .debug_macro   0x00002f7f      0x110 MCP2515.o
 .debug_macro   0x0000308f      0x101 Memory.o
 .debug_macro   0x00003190      0x189 fsm.o
 .debug_macro   0x00003319      0x12e OLED.o
 .debug_macro   0x00003447       0x10 OLED.o
 .debug_macro   0x00003457       0x12 OLED.o
 .debug_macro   0x00003469       0xe2 OLED.o
 .debug_macro   0x0000354b      0x177 Pong.o
 .debug_macro   0x000036c2      0x101 SPI.o
 .debug_macro   0x000037c3      0x100 Usart_Driver.o
OUTPUT(MarPerAnd.elf elf32-avr)
LOAD linker stubs
