Archive member included to satisfy reference by file (symbol)

d:/7.0/toolchain/avr8/avr8-gnu-toolchain/bin/../lib/gcc/avr/5.4.0/avr5\libgcc.a(_exit.o)
                              D:/7.0/Packs/atmel/ATmega_DFP/1.2.150/gcc/dev/atmega162/avr5/crtatmega162.o (exit)
d:/7.0/toolchain/avr8/avr8-gnu-toolchain/bin/../lib/gcc/avr/5.4.0/avr5\libgcc.a(_copy_data.o)
                              CAN.o (__do_copy_data)
d:/7.0/toolchain/avr8/avr8-gnu-toolchain/bin/../lib/gcc/avr/5.4.0/avr5\libgcc.a(_clear_bss.o)
                              CAN.o (__do_clear_bss)
d:/7.0/toolchain/avr8/avr8-gnu-toolchain/bin/../lib/gcc/avr/5.4.0/../../../../avr/lib/avr5\libc.a(rand.o)
                              memory.o (rand)
d:/7.0/toolchain/avr8/avr8-gnu-toolchain/bin/../lib/gcc/avr/5.4.0/../../../../avr/lib/avr5\libc.a(itoa_ncheck.o)
                              pong.o (__itoa_ncheck)
d:/7.0/toolchain/avr8/avr8-gnu-toolchain/bin/../lib/gcc/avr/5.4.0/../../../../avr/lib/avr5\libc.a(utoa_ncheck.o)
                              d:/7.0/toolchain/avr8/avr8-gnu-toolchain/bin/../lib/gcc/avr/5.4.0/../../../../avr/lib/avr5\libc.a(itoa_ncheck.o) (__utoa_common)
d:/7.0/toolchain/avr8/avr8-gnu-toolchain/bin/../lib/gcc/avr/5.4.0/../../../../avr/lib/avr5\libc.a(fdevopen.o)
                              USART.o (fdevopen)
d:/7.0/toolchain/avr8/avr8-gnu-toolchain/bin/../lib/gcc/avr/5.4.0/../../../../avr/lib/avr5\libc.a(iob.o)
                              d:/7.0/toolchain/avr8/avr8-gnu-toolchain/bin/../lib/gcc/avr/5.4.0/../../../../avr/lib/avr5\libc.a(fdevopen.o) (__iob)
d:/7.0/toolchain/avr8/avr8-gnu-toolchain/bin/../lib/gcc/avr/5.4.0/../../../../avr/lib/avr5\libc.a(printf.o)
                              CAN.o (printf)
d:/7.0/toolchain/avr8/avr8-gnu-toolchain/bin/../lib/gcc/avr/5.4.0/../../../../avr/lib/avr5\libc.a(putchar.o)
                              CAN.o (putchar)
d:/7.0/toolchain/avr8/avr8-gnu-toolchain/bin/../lib/gcc/avr/5.4.0/../../../../avr/lib/avr5\libc.a(puts.o)
                              memory.o (puts)
d:/7.0/toolchain/avr8/avr8-gnu-toolchain/bin/../lib/gcc/avr/5.4.0/../../../../avr/lib/avr5\libc.a(scanf.o)
                              pong.o (scanf)
d:/7.0/toolchain/avr8/avr8-gnu-toolchain/bin/../lib/gcc/avr/5.4.0/../../../../avr/lib/avr5\libc.a(sprintf.o)
                              pong.o (sprintf)
d:/7.0/toolchain/avr8/avr8-gnu-toolchain/bin/../lib/gcc/avr/5.4.0/../../../../avr/lib/avr5\libc.a(vfprintf_std.o)
                              d:/7.0/toolchain/avr8/avr8-gnu-toolchain/bin/../lib/gcc/avr/5.4.0/../../../../avr/lib/avr5\libc.a(printf.o) (vfprintf)
d:/7.0/toolchain/avr8/avr8-gnu-toolchain/bin/../lib/gcc/avr/5.4.0/../../../../avr/lib/avr5\libc.a(vfscanf_std.o)
                              d:/7.0/toolchain/avr8/avr8-gnu-toolchain/bin/../lib/gcc/avr/5.4.0/../../../../avr/lib/avr5\libc.a(scanf.o) (vfscanf)
d:/7.0/toolchain/avr8/avr8-gnu-toolchain/bin/../lib/gcc/avr/5.4.0/../../../../avr/lib/avr5\libc.a(calloc.o)
                              d:/7.0/toolchain/avr8/avr8-gnu-toolchain/bin/../lib/gcc/avr/5.4.0/../../../../avr/lib/avr5\libc.a(fdevopen.o) (calloc)
d:/7.0/toolchain/avr8/avr8-gnu-toolchain/bin/../lib/gcc/avr/5.4.0/../../../../avr/lib/avr5\libc.a(malloc.o)
                              d:/7.0/toolchain/avr8/avr8-gnu-toolchain/bin/../lib/gcc/avr/5.4.0/../../../../avr/lib/avr5\libc.a(calloc.o) (malloc)
d:/7.0/toolchain/avr8/avr8-gnu-toolchain/bin/../lib/gcc/avr/5.4.0/../../../../avr/lib/avr5\libc.a(isspace.o)
                              d:/7.0/toolchain/avr8/avr8-gnu-toolchain/bin/../lib/gcc/avr/5.4.0/../../../../avr/lib/avr5\libc.a(vfscanf_std.o) (isspace)
d:/7.0/toolchain/avr8/avr8-gnu-toolchain/bin/../lib/gcc/avr/5.4.0/../../../../avr/lib/avr5\libc.a(strchr_P.o)
                              d:/7.0/toolchain/avr8/avr8-gnu-toolchain/bin/../lib/gcc/avr/5.4.0/../../../../avr/lib/avr5\libc.a(vfscanf_std.o) (strchr_P)
d:/7.0/toolchain/avr8/avr8-gnu-toolchain/bin/../lib/gcc/avr/5.4.0/../../../../avr/lib/avr5\libc.a(strnlen_P.o)
                              d:/7.0/toolchain/avr8/avr8-gnu-toolchain/bin/../lib/gcc/avr/5.4.0/../../../../avr/lib/avr5\libc.a(vfprintf_std.o) (strnlen_P)
d:/7.0/toolchain/avr8/avr8-gnu-toolchain/bin/../lib/gcc/avr/5.4.0/../../../../avr/lib/avr5\libc.a(memset.o)
                              d:/7.0/toolchain/avr8/avr8-gnu-toolchain/bin/../lib/gcc/avr/5.4.0/../../../../avr/lib/avr5\libc.a(calloc.o) (memset)
d:/7.0/toolchain/avr8/avr8-gnu-toolchain/bin/../lib/gcc/avr/5.4.0/../../../../avr/lib/avr5\libc.a(strnlen.o)
                              d:/7.0/toolchain/avr8/avr8-gnu-toolchain/bin/../lib/gcc/avr/5.4.0/../../../../avr/lib/avr5\libc.a(vfprintf_std.o) (strnlen)
d:/7.0/toolchain/avr8/avr8-gnu-toolchain/bin/../lib/gcc/avr/5.4.0/../../../../avr/lib/avr5\libc.a(strrev.o)
                              d:/7.0/toolchain/avr8/avr8-gnu-toolchain/bin/../lib/gcc/avr/5.4.0/../../../../avr/lib/avr5\libc.a(utoa_ncheck.o) (strrev)
[...]
Memory Configuration

Name             Origin             Length             Attributes
text             0x00000000         0x00020000         xr
data             0x00800060         0x0000ffa0         rw !x
eeprom           0x00810000         0x00010000         rw !x
fuse             0x00820000         0x00000003         rw !x
lock             0x00830000         0x00000400         rw !x
signature        0x00840000         0x00000400         rw !x
user_signatures  0x00850000         0x00000400         rw !x
*default*        0x00000000         0xffffffff

Linker script and memory map

Address of section .data set to 0x800100
LOAD D:/7.0/Packs/atmel/ATmega_DFP/1.2.150/gcc/dev/atmega162/avr5/crtatmega162.o
LOAD ADC.o
LOAD CAN.o
LOAD CAN_joystick.o
LOAD EEPROM.o
LOAD fsm.o
LOAD joystick.o
LOAD main.o
LOAD MCP2515.o
LOAD memory.o
LOAD OLED.o
LOAD pong.o
LOAD SPI.o
LOAD test.o
LOAD USART.o
LOAD utilities.o
START GROUP
LOAD d:/7.0/toolchain/avr8/avr8-gnu-toolchain/bin/../lib/gcc/avr/5.4.0/../../../../avr/lib/avr5\libm.a
END GROUP
START GROUP
LOAD d:/7.0/toolchain/avr8/avr8-gnu-toolchain/bin/../lib/gcc/avr/5.4.0/avr5\libgcc.a
LOAD d:/7.0/toolchain/avr8/avr8-gnu-toolchain/bin/../lib/gcc/avr/5.4.0/../../../../avr/lib/avr5\libm.a
LOAD d:/7.0/toolchain/avr8/avr8-gnu-toolchain/bin/../lib/gcc/avr/5.4.0/../../../../avr/lib/avr5\libc.a
LOAD D:/7.0/Packs/atmel/ATmega_DFP/1.2.150/gcc/dev/atmega162/avr5\libatmega162.a
END GROUP
                0x00020000                __TEXT_REGION_LENGTH__ = DEFINED (__TEXT_REGION_LENGTH__)?__TEXT_REGION_LENGTH__:0x20000
                0x0000ffa0                __DATA_REGION_LENGTH__ = DEFINED (__DATA_REGION_LENGTH__)?__DATA_REGION_LENGTH__:0xffa0
                0x00010000                __EEPROM_REGION_LENGTH__ = DEFINED (__EEPROM_REGION_LENGTH__)?__EEPROM_REGION_LENGTH__:0x10000
                [0x00000003]                __FUSE_REGION_LENGTH__ = DEFINED (__FUSE_REGION_LENGTH__)?__FUSE_REGION_LENGTH__:0x400
                0x00000400                __LOCK_REGION_LENGTH__ = DEFINED (__LOCK_REGION_LENGTH__)?__LOCK_REGION_LENGTH__:0x400
                0x00000400                __SIGNATURE_REGION_LENGTH__ = DEFINED (__SIGNATURE_REGION_LENGTH__)?__SIGNATURE_REGION_LENGTH__:0x400
                0x00000400                __USER_SIGNATURE_REGION_LENGTH__ = DEFINED (__USER_SIGNATURE_REGION_LENGTH__)?__USER_SIGNATURE_REGION_LENGTH__:0x400

.hash
 *(.hash)

.dynsym
 *(.dynsym)

.dynstr
 *(.dynstr)

.gnu.version
 *(.gnu.version)

.gnu.version_d
 *(.gnu.version_d)

.gnu.version_r
 *(.gnu.version_r)

.rel.init
 *(.rel.init)

.rela.init
 *(.rela.init)

.rel.text
 *(.rel.text)
 *(.rel.text.*)
 *(.rel.gnu.linkonce.t*)

.rela.text
 *(.rela.text)
 *(.rela.text.*)
 *(.rela.gnu.linkonce.t*)

.rel.fini
 *(.rel.fini)

.rela.fini
 *(.rela.fini)

.rel.rodata
 *(.rel.rodata)
 *(.rel.rodata.*)
 *(.rel.gnu.linkonce.r*)

.rela.rodata
 *(.rela.rodata)
 *(.rela.rodata.*)
 *(.rela.gnu.linkonce.r*)

.rel.data
 *(.rel.data)
 *(.rel.data.*)
 *(.rel.gnu.linkonce.d*)

.rela.data
 *(.rela.data)
 *(.rela.data.*)
 *(.rela.gnu.linkonce.d*)

.rel.ctors
 *(.rel.ctors)

.rela.ctors
 *(.rela.ctors)

.rel.dtors
 *(.rel.dtors)

.rela.dtors
 *(.rela.dtors)

.rel.got
 *(.rel.got)

.rela.got
 *(.rela.got)

.rel.bss
 *(.rel.bss)

.rela.bss
 *(.rela.bss)

.rel.plt
 *(.rel.plt)

.rela.plt
 *(.rela.plt)

.text           0x00000000     0x22ca
 *(.vectors)
 .vectors       0x00000000       0x70 D:/7.0/Packs/atmel/ATmega_DFP/1.2.150/gcc/dev/atmega162/avr5/crtatmega162.o
                0x00000000                __vector_default
                0x00000000                __vectors
 *(.vectors)
 *(.progmem.gcc*)
                0x00000070                . = ALIGN (0x2)
                0x00000070                __trampolines_start = .
 *(.trampolines)
 .trampolines   0x00000070        0x0 linker stubs
 *(.trampolines*)
                0x00000070                __trampolines_end = .
 *libprintf_flt.a:*(.progmem.data)
 *libc.a:*(.progmem.data)
 .progmem.data  0x00000070        0xc d:/7.0/toolchain/avr8/avr8-gnu-toolchain/bin/../lib/gcc/avr/5.4.0/../../../../avr/lib/avr5\libc.a(vfscanf_std.o)
 *(.progmem*)
 .progmem.data.font8
                0x0000007c      0x308 OLED.o
                0x0000007c                font8
                0x00000384                . = ALIGN (0x2)
 *(.jumptables)
 *(.jumptables*)
 *(.lowtext)
 *(.lowtext*)
                0x00000384                __ctors_start = .
 *(.ctors)
                0x00000384                __ctors_end = .
                0x00000384                __dtors_start = .
 *(.dtors)
                0x00000384                __dtors_end = .
 SORT(*)(.ctors)
 SORT(*)(.dtors)
 *(.init0)
 .init0         0x00000384        0x0 D:/7.0/Packs/atmel/ATmega_DFP/1.2.150/gcc/dev/atmega162/avr5/crtatmega162.o
                0x00000384                __init
 *(.init0)
 *(.init1)
 *(.init1)
 *(.init2)
 .init2         0x00000384        0xc D:/7.0/Packs/atmel/ATmega_DFP/1.2.150/gcc/dev/atmega162/avr5/crtatmega162.o
 *(.init2)
 *(.init3)
 *(.init3)
 *(.init4)
 .init4         0x00000390       0x16 d:/7.0/toolchain/avr8/avr8-gnu-toolchain/bin/../lib/gcc/avr/5.4.0/avr5\libgcc.a(_copy_data.o)
                0x00000390                __do_copy_data
 .init4         0x000003a6       0x10 d:/7.0/toolchain/avr8/avr8-gnu-toolchain/bin/../lib/gcc/avr/5.4.0/avr5\libgcc.a(_clear_bss.o)
                0x000003a6                __do_clear_bss
 *(.init4)
 *(.init5)
 *(.init5)
 *(.init6)
 *(.init6)
 *(.init7)
 *(.init7)
 *(.init8)
 *(.init8)
 *(.init9)
 .init9         0x000003b6        0x6 D:/7.0/Packs/atmel/ATmega_DFP/1.2.150/gcc/dev/atmega162/avr5/crtatmega162.o
 *(.init9)
 *(.text)
 .text          0x000003bc        0x2 D:/7.0/Packs/atmel/ATmega_DFP/1.2.150/gcc/dev/atmega162/avr5/crtatmega162.o
                0x000003bc                __vector_22
                0x000003bc                __vector_1
                0x000003bc                __vector_24
                0x000003bc                __vector_12
                0x000003bc                __bad_interrupt
                0x000003bc                __vector_6
                0x000003bc                __vector_23
                0x000003bc                __vector_25
                0x000003bc                __vector_11
                0x000003bc                __vector_13
                0x000003bc                __vector_17
                0x000003bc                __vector_19
                0x000003bc                __vector_7
                0x000003bc                __vector_27
                0x000003bc                __vector_5
                0x000003bc                __vector_4
                0x000003bc                __vector_9
                0x000003bc                __vector_2
                0x000003bc                __vector_21
                0x000003bc                __vector_15
                0x000003bc                __vector_8
                0x000003bc                __vector_26
                0x000003bc                __vector_14
                0x000003bc                __vector_10
                0x000003bc                __vector_16
                0x000003bc                __vector_18
                0x000003bc                __vector_20
                0x000003be                . = ALIGN (0x2)
 *(.text.*)
 .text.ADC_read
                0x000003be       0x6a ADC.o
                0x000003be                ADC_read
 .text.CAN_init
                0x00000428        0xe CAN.o
                0x00000428                CAN_init
 .text.CAN_message_send
                0x00000436       0x62 CAN.o
                0x00000436                CAN_message_send
 .text.CAN_receive
                0x00000498       0x74 CAN.o
                0x00000498                CAN_receive
 .text.__vector_3
                0x0000050c       0x1e CAN.o
                0x0000050c                __vector_3
 .text.send_all_slider
                0x0000052a       0x56 CAN_joystick.o
                0x0000052a                send_all_slider
 .text.send_all_joy
                0x00000580       0x56 CAN_joystick.o
                0x00000580                send_all_joy
 .text.EEPROM_write
                0x000005d6       0x10 EEPROM.o
                0x000005d6                EEPROM_write
 .text.EEPROM_read
                0x000005e6        0xe EEPROM.o
                0x000005e6                EEPROM_read
 .text.fsm_getCurrentState
                0x000005f4        0x6 fsm.o
                0x000005f4                fsm_getCurrentState
 .text.fsm_evMainMenu
                0x000005fa       0x10 fsm.o
                0x000005fa                fsm_evMainMenu
 .text.fsm_evInit
                0x0000060a       0x18 fsm.o
                0x0000060a                fsm_evInit
 .text.fsm_evPong
                0x00000622       0x12 fsm.o
                0x00000622                fsm_evPong
 .text.fsm_evSnek
                0x00000634       0x12 fsm.o
                0x00000634                fsm_evSnek
 .text.fsm_evThanksTo
                0x00000646       0x12 fsm.o
                0x00000646                fsm_evThanksTo
 .text.fsm_menuNavigate
                0x00000658       0x80 fsm.o
                0x00000658                fsm_menuNavigate
 .text.fsm_Return
                0x000006d8       0x22 fsm.o
                0x000006d8                fsm_Return
 .text.JOY_init
                0x000006fa        0x4 joystick.o
                0x000006fa                JOY_init
 .text.JOY_get_button
                0x000006fe        0x8 joystick.o
                0x000006fe                JOY_get_button
 .text.JOY_get_x
                0x00000706       0x10 joystick.o
                0x00000706                JOY_get_x
 .text.JOY_get_y
                0x00000716       0x10 joystick.o
                0x00000716                JOY_get_y
 .text.JOY_get_dir_y
                0x00000726       0x22 joystick.o
                0x00000726                JOY_get_dir_y
 .text.right_slider_pos
                0x00000748        0x6 joystick.o
                0x00000748                right_slider_pos
 .text.main     0x0000074e       0x78 main.o
                0x0000074e                main
 .text.mcp2515_read
                0x000007c6       0x16 MCP2515.o
                0x000007c6                mcp2515_read
 .text.mcp2515_write
                0x000007dc       0x1e MCP2515.o
                0x000007dc                mcp2515_write
 .text.mcp2515_set_mode
                0x000007fa        0x8 MCP2515.o
                0x000007fa                mcp2515_set_mode
 .text.mcp2515_request_to_send
                0x00000802        0x8 MCP2515.o
                0x00000802                mcp2515_request_to_send
 .text.mcp2515_bit_modify
                0x0000080a       0x28 MCP2515.o
                0x0000080a                mcp2515_bit_modify
 .text.mcp2515_reset
                0x00000832       0x1a MCP2515.o
                0x00000832                mcp2515_reset
 .text.mcp2515_init
                0x0000084c       0x54 MCP2515.o
                0x0000084c                mcp2515_init
 .text.memory_init
                0x000008a0        0xe memory.o
                0x000008a0                memory_init
 .text.OLED_init
                0x000008ae       0x5c OLED.o
                0x000008ae                OLED_init
 .text.OLED_home
                0x0000090a       0x18 OLED.o
                0x0000090a                OLED_home
 .text.OLED_goto_line
                0x00000922       0x22 OLED.o
                0x00000922                OLED_goto_line
 .text.OLED_clear_line
                0x00000944       0x2a OLED.o
                0x00000944                OLED_clear_line
 .text.OLED_clear
                0x0000096e       0x14 OLED.o
                0x0000096e                OLED_clear
 .text.OLED_load_sym
                0x00000982       0x34 OLED.o
                0x00000982                OLED_load_sym
 .text.OLED_store_str
                0x000009b6       0x3a OLED.o
                0x000009b6                OLED_store_str
 .text.OLED_store_sym
                0x000009f0       0x20 OLED.o
                0x000009f0                OLED_store_sym
 .text.OLED_refresh
                0x00000a10       0x5c OLED.o
                0x00000a10                OLED_refresh
 .text.OLED_store_menu
                0x00000a6c       0x68 OLED.o
                0x00000a6c                OLED_store_menu
 .text.OLED_loading_screen
                0x00000ad4       0x70 OLED.o
                0x00000ad4                OLED_loading_screen
 .text.OLED_loading_screen_long
                0x00000b44       0x70 OLED.o
                0x00000b44                OLED_loading_screen_long
 .text.OLED_game_over_screen
                0x00000bb4       0x22 OLED.o
                0x00000bb4                OLED_game_over_screen
 .text.pong_update_score
                0x00000bd6       0xd8 pong.o
                0x00000bd6                pong_update_score
 .text.pong_init
                0x00000cae       0x9a pong.o
                0x00000cae                pong_init
 .text.pong_print_highscore
                0x00000d48       0xd2 pong.o
                0x00000d48                pong_print_highscore
 .text.pong_save_highscore
                0x00000e1a       0xb2 pong.o
                0x00000e1a                pong_save_highscore
 .text.pong_load_highscore
                0x00000ecc       0xc6 pong.o
                0x00000ecc                pong_load_highscore
 .text.pong_highscore_init
                0x00000f92        0x4 pong.o
                0x00000f92                pong_highscore_init
 .text.print_struct
                0x00000f96       0x4c pong.o
                0x00000f96                print_struct
 .text.pong_place_highscore
                0x00000fe2      0x1ae pong.o
                0x00000fe2                pong_place_highscore
 .text.pong_get_highscore_line
                0x00001190       0x68 pong.o
                0x00001190                pong_get_highscore_line
 .text.pong_update_highscore
                0x000011f8       0x38 pong.o
                0x000011f8                pong_update_highscore
 .text.pong_JOY
                0x00001230       0x5c pong.o
                0x00001230                pong_JOY
 .text.pong_slider
                0x0000128c       0x5c pong.o
                0x0000128c                pong_slider
 .text.pong_play
                0x000012e8       0x12 pong.o
                0x000012e8                pong_play
 .text.SPI_master_init
                0x000012fa        0xe SPI.o
                0x000012fa                SPI_master_init
 .text.SPI_read
                0x00001308        0xc SPI.o
                0x00001308                SPI_read
 .text.SPI_send
                0x00001314        0x8 SPI.o
                0x00001314                SPI_send
 .text.USART_Transmit
                0x0000131c        0x8 USART.o
                0x0000131c                USART_Transmit
 .text.USART_Receive
                0x00001324        0x8 USART.o
                0x00001324                USART_Receive
 .text.USART_Init
                0x0000132c       0x20 USART.o
                0x0000132c                USART_Init
 .text.avr-libc
                0x0000134c       0x14 d:/7.0/toolchain/avr8/avr8-gnu-toolchain/bin/../lib/gcc/avr/5.4.0/../../../../avr/lib/avr5\libc.a(itoa_ncheck.o)
                0x0000134c                __itoa_ncheck
 .text.avr-libc
                0x00001360       0x32 d:/7.0/toolchain/avr8/avr8-gnu-toolchain/bin/../lib/gcc/avr/5.4.0/../../../../avr/lib/avr5\libc.a(utoa_ncheck.o)
                0x00001360                __utoa_ncheck
                0x00001362                __utoa_common
 .text.avr-libc
                0x00001392       0x94 d:/7.0/toolchain/avr8/avr8-gnu-toolchain/bin/../lib/gcc/avr/5.4.0/../../../../avr/lib/avr5\libc.a(fdevopen.o)
                0x00001392                fdevopen
 .text.avr-libc
                0x00001426       0x26 d:/7.0/toolchain/avr8/avr8-gnu-toolchain/bin/../lib/gcc/avr/5.4.0/../../../../avr/lib/avr5\libc.a(printf.o)
                0x00001426                printf
 .text.avr-libc
                0x0000144c        0xa d:/7.0/toolchain/avr8/avr8-gnu-toolchain/bin/../lib/gcc/avr/5.4.0/../../../../avr/lib/avr5\libc.a(putchar.o)
                0x0000144c                putchar
 .text.avr-libc
                0x00001456       0x26 d:/7.0/toolchain/avr8/avr8-gnu-toolchain/bin/../lib/gcc/avr/5.4.0/../../../../avr/lib/avr5\libc.a(scanf.o)
                0x00001456                scanf
 .text.avr-libc
                0x0000147c       0x3e d:/7.0/toolchain/avr8/avr8-gnu-toolchain/bin/../lib/gcc/avr/5.4.0/../../../../avr/lib/avr5\libc.a(sprintf.o)
                0x0000147c                sprintf
 .text.avr-libc
                0x000014ba      0x3a4 d:/7.0/toolchain/avr8/avr8-gnu-toolchain/bin/../lib/gcc/avr/5.4.0/../../../../avr/lib/avr5\libc.a(vfprintf_std.o)
                0x000014ba                vfprintf
 .text.avr-libc
                0x0000185e      0x51c d:/7.0/toolchain/avr8/avr8-gnu-toolchain/bin/../lib/gcc/avr/5.4.0/../../../../avr/lib/avr5\libc.a(vfscanf_std.o)
                0x00001b78                vfscanf
 .text.avr-libc
                0x00001d7a       0x34 d:/7.0/toolchain/avr8/avr8-gnu-toolchain/bin/../lib/gcc/avr/5.4.0/../../../../avr/lib/avr5\libc.a(calloc.o)
                0x00001d7a                calloc
 .text.avr-libc
                0x00001dae      0x242 d:/7.0/toolchain/avr8/avr8-gnu-toolchain/bin/../lib/gcc/avr/5.4.0/../../../../avr/lib/avr5\libc.a(malloc.o)
                0x00001dae                malloc
                0x00001ede                free
 .text.avr-libc
                0x00001ff0       0x10 d:/7.0/toolchain/avr8/avr8-gnu-toolchain/bin/../lib/gcc/avr/5.4.0/../../../../avr/lib/avr5\libc.a(isspace.o)
                0x00001ff0                isspace
 .text.avr-libc
                0x00002000       0x16 d:/7.0/toolchain/avr8/avr8-gnu-toolchain/bin/../lib/gcc/avr/5.4.0/../../../../avr/lib/avr5\libc.a(strchr_P.o)
                0x00002000                strchr_P
 .text.avr-libc
                0x00002016       0x16 d:/7.0/toolchain/avr8/avr8-gnu-toolchain/bin/../lib/gcc/avr/5.4.0/../../../../avr/lib/avr5\libc.a(strnlen_P.o)
                0x00002016                strnlen_P
 .text.avr-libc
                0x0000202c        0xe d:/7.0/toolchain/avr8/avr8-gnu-toolchain/bin/../lib/gcc/avr/5.4.0/../../../../avr/lib/avr5\libc.a(memset.o)
                0x0000202c                memset
 .text.avr-libc
                0x0000203a       0x16 d:/7.0/toolchain/avr8/avr8-gnu-toolchain/bin/../lib/gcc/avr/5.4.0/../../../../avr/lib/avr5\libc.a(strnlen.o)
                0x0000203a                strnlen
 .text.avr-libc
                0x00002050       0x20 d:/7.0/toolchain/avr8/avr8-gnu-toolchain/bin/../lib/gcc/avr/5.4.0/../../../../avr/lib/avr5\libc.a(strrev.o)
                0x00002050                strrev
 .text.avr-libc
                0x00002070       0x7c d:/7.0/toolchain/avr8/avr8-gnu-toolchain/bin/../lib/gcc/avr/5.4.0/../../../../avr/lib/avr5\libc.a(fgetc.o)
                0x00002070                fgetc
 .text.avr-libc
                0x000020ec       0x78 d:/7.0/toolchain/avr8/avr8-gnu-toolchain/bin/../lib/gcc/avr/5.4.0/../../../../avr/lib/avr5\libc.a(fputc.o)
                0x000020ec                fputc
 .text.avr-libc
                0x00002164       0x32 d:/7.0/toolchain/avr8/avr8-gnu-toolchain/bin/../lib/gcc/avr/5.4.0/../../../../avr/lib/avr5\libc.a(ungetc.o)
                0x00002164                ungetc
 .text.avr-libc
                0x00002196       0xbc d:/7.0/toolchain/avr8/avr8-gnu-toolchain/bin/../lib/gcc/avr/5.4.0/../../../../avr/lib/avr5\libc.a(ultoa_invert.o)
                0x00002196                __ultoa_invert
 .text.avr-libc
                0x00002252        0x6 d:/7.0/toolchain/avr8/avr8-gnu-toolchain/bin/../lib/gcc/avr/5.4.0/../../../../avr/lib/avr5\libc.a(cty_isfalse.o)
                0x00002252                __ctype_isfalse
                0x00002256                __ctype_istrue
 .text.libgcc.prologue
                0x00002258       0x38 d:/7.0/toolchain/avr8/avr8-gnu-toolchain/bin/../lib/gcc/avr/5.4.0/avr5\libgcc.a(_prologue.o)
                0x00002258                __prologue_saves__
 .text.libgcc.prologue
                0x00002290       0x36 d:/7.0/toolchain/avr8/avr8-gnu-toolchain/bin/../lib/gcc/avr/5.4.0/avr5\libgcc.a(_epilogue.o)
                0x00002290                __epilogue_restores__
                0x000022c6                . = ALIGN (0x2)
 *(.fini9)
 .fini9         0x000022c6        0x0 d:/7.0/toolchain/avr8/avr8-gnu-toolchain/bin/../lib/gcc/avr/5.4.0/avr5\libgcc.a(_exit.o)
                0x000022c6                _exit
                0x000022c6                exit
 *(.fini9)
 *(.fini8)
 *(.fini8)
 *(.fini7)
 *(.fini7)
 *(.fini6)
 *(.fini6)
 *(.fini5)
 *(.fini5)
 *(.fini4)
 *(.fini4)
 *(.fini3)
 *(.fini3)
 *(.fini2)
 *(.fini2)
 *(.fini1)
 *(.fini1)
 *(.fini0)
 .fini0         0x000022c6        0x4 d:/7.0/toolchain/avr8/avr8-gnu-toolchain/bin/../lib/gcc/avr/5.4.0/avr5\libgcc.a(_exit.o)
 *(.fini0)
                0x000022ca                _etext = .

.data           0x00800100      0x2ea load address 0x000022ca
                0x00800100                PROVIDE (__data_start, .)
 *(.data)
 .data          0x00800100        0x6 d:/7.0/toolchain/avr8/avr8-gnu-toolchain/bin/../lib/gcc/avr/5.4.0/../../../../avr/lib/avr5\libc.a(malloc.o)
                0x00800100                __malloc_heap_end
                0x00800102                __malloc_heap_start
                0x00800104                __malloc_margin
 *(.data*)
 .data.Highscore
                0x00800106       0x12 pong.o
 *(.gnu.linkonce.d*)
 *(.rodata)
 .rodata        0x00800118        0xb pong.o
 *(.rodata*)
 .rodata.str1.1
                0x00800123      0x118 fsm.o
 .rodata.str1.1
                0x0080023b       0x44 MCP2515.o
 .rodata.str1.1
                0x0080027f       0x22 OLED.o
 .rodata.str1.1
                0x008002a1      0x148 pong.o
                                0x14c (size before relaxing)
 *(.gnu.linkonce.r*)
                0x008003ea                . = ALIGN (0x2)
 *fill*         0x008003e9        0x1 
                0x008003ea                _edata = .
                0x008003ea                PROVIDE (__data_end, .)

.bss            0x008003ea        0xe
                0x008003ea                PROVIDE (__bss_start, .)
 *(.bss)
 *(.bss*)
 .bss.CAN_int_flag
                0x008003ea        0x1 CAN.o
 .bss.currentState
                0x008003eb        0x1 fsm.o
 .bss.cursor    0x008003ec        0x2 OLED.o
 *(COMMON)
 COMMON         0x008003ee        0x6 d:/7.0/toolchain/avr8/avr8-gnu-toolchain/bin/../lib/gcc/avr/5.4.0/../../../../avr/lib/avr5\libc.a(iob.o)
                0x008003ee                __iob
 COMMON         0x008003f4        0x4 d:/7.0/toolchain/avr8/avr8-gnu-toolchain/bin/../lib/gcc/avr/5.4.0/../../../../avr/lib/avr5\libc.a(malloc.o)
                0x008003f4                __brkval
                0x008003f6                __flp
                0x008003f8                PROVIDE (__bss_end, .)
                0x000022ca                __data_load_start = LOADADDR (.data)
                0x000025b4                __data_load_end = (__data_load_start + SIZEOF (.data))

.noinit         0x008003f8        0x0
                [!provide]                PROVIDE (__noinit_start, .)
 *(.noinit*)
                [!provide]                PROVIDE (__noinit_end, .)
                0x008003f8                _end = .
                0x008003f8                PROVIDE (__heap_start, .)

.eeprom         0x00810000        0x0
 *(.eeprom*)
                0x00810000                __eeprom_end = .

.fuse
 *(.fuse)
 *(.lfuse)
 *(.hfuse)
 *(.efuse)

.lock
 *(.lock*)

.signature
 *(.signature*)

.user_signatures
 *(.user_signatures*)

.stab
 *(.stab)

.stabstr
 *(.stabstr)

.stab.excl
 *(.stab.excl)

.stab.exclstr
 *(.stab.exclstr)

.stab.index
 *(.stab.index)

.stab.indexstr
 *(.stab.indexstr)

.comment        0x00000000       0x5c
 *(.comment)
 .comment       0x00000000       0x30 ADC.o
                                 0x31 (size before relaxing)
 .comment       0x00000030       0x31 CAN.o
 .comment       0x00000030       0x31 CAN_joystick.o
 .comment       0x00000030       0x31 EEPROM.o
 .comment       0x00000030       0x31 fsm.o
 .comment       0x00000030       0x31 joystick.o
 .comment       0x00000030       0x31 main.o
 .comment       0x00000030       0x31 MCP2515.o
 .comment       0x00000030       0x31 memory.o
 .comment       0x00000030       0x31 OLED.o
 .comment       0x00000030       0x31 pong.o
 .comment       0x00000030       0x31 SPI.o
 .comment       0x00000030       0x31 USART.o
 .comment       0x00000030       0x31 d:/7.0/toolchain/avr8/avr8-gnu-toolchain/bin/../lib/gcc/avr/5.4.0/../../../../avr/lib/avr5\libc.a(fdevopen.o)
 .comment       0x00000030       0x31 d:/7.0/toolchain/avr8/avr8-gnu-toolchain/bin/../lib/gcc/avr/5.4.0/../../../../avr/lib/avr5\libc.a(iob.o)
 .comment       0x00000030       0x31 d:/7.0/toolchain/avr8/avr8-gnu-toolchain/bin/../lib/gcc/avr/5.4.0/../../../../avr/lib/avr5\libc.a(printf.o)
 .comment       0x00000030       0x31 d:/7.0/toolchain/avr8/avr8-gnu-toolchain/bin/../lib/gcc/avr/5.4.0/../../../../avr/lib/avr5\libc.a(putchar.o)
 .comment       0x00000030       0x31 d:/7.0/toolchain/avr8/avr8-gnu-toolchain/bin/../lib/gcc/avr/5.4.0/../../../../avr/lib/avr5\libc.a(scanf.o)
 .comment       0x00000030       0x31 d:/7.0/toolchain/avr8/avr8-gnu-toolchain/bin/../lib/gcc/avr/5.4.0/../../../../avr/lib/avr5\libc.a(sprintf.o)
 .comment       0x00000030       0x2c d:/7.0/toolchain/avr8/avr8-gnu-toolchain/bin/../lib/gcc/avr/5.4.0/../../../../avr/lib/avr5\libc.a(vfprintf_std.o)
                                 0x2d (size before relaxing)
 .comment       0x0000005c       0x2d d:/7.0/toolchain/avr8/avr8-gnu-toolchain/bin/../lib/gcc/avr/5.4.0/../../../../avr/lib/avr5\libc.a(vfscanf_std.o)
 .comment       0x0000005c       0x31 d:/7.0/toolchain/avr8/avr8-gnu-toolchain/bin/../lib/gcc/avr/5.4.0/../../../../avr/lib/avr5\libc.a(calloc.o)
 .comment       0x0000005c       0x31 d:/7.0/toolchain/avr8/avr8-gnu-toolchain/bin/../lib/gcc/avr/5.4.0/../../../../avr/lib/avr5\libc.a(malloc.o)
 .comment       0x0000005c       0x31 d:/7.0/toolchain/avr8/avr8-gnu-toolchain/bin/../lib/gcc/avr/5.4.0/../../../../avr/lib/avr5\libc.a(fgetc.o)
 .comment       0x0000005c       0x31 d:/7.0/toolchain/avr8/avr8-gnu-toolchain/bin/../lib/gcc/avr/5.4.0/../../../../avr/lib/avr5\libc.a(fputc.o)
 .comment       0x0000005c       0x31 d:/7.0/toolchain/avr8/avr8-gnu-toolchain/bin/../lib/gcc/avr/5.4.0/../../../../avr/lib/avr5\libc.a(ungetc.o)

.note.gnu.avr.deviceinfo
                0x00000000       0x3c
 .note.gnu.avr.deviceinfo
                0x00000000       0x3c D:/7.0/Packs/atmel/ATmega_DFP/1.2.150/gcc/dev/atmega162/avr5/crtatmega162.o

.note.gnu.build-id
 *(.note.gnu.build-id)

.debug
 *(.debug)

.line
 *(.line)

.debug_srcinfo
 *(.debug_srcinfo)

.debug_sfnames
 *(.debug_sfnames)

.debug_aranges  0x00000000      0x3a0
 *(.debug_aranges)
 .debug_aranges
                0x00000000       0x20 ADC.o
 .debug_aranges
                0x00000020       0x40 CAN.o
 .debug_aranges
                0x00000060       0x30 CAN_joystick.o
 .debug_aranges
                0x00000090       0x28 EEPROM.o
 .debug_aranges
                0x000000b8       0x58 fsm.o
 .debug_aranges
                0x00000110       0x68 joystick.o
 .debug_aranges
                0x00000178       0x20 main.o
 .debug_aranges
                0x00000198       0x58 MCP2515.o
 .debug_aranges
                0x000001f0       0x28 memory.o
 .debug_aranges
                0x00000218       0xa0 OLED.o
 .debug_aranges
                0x000002b8       0x80 pong.o
 .debug_aranges
                0x00000338       0x30 SPI.o
 .debug_aranges
                0x00000368       0x38 USART.o

.debug_pubnames
 *(.debug_pubnames)

.debug_info     0x00000000     0x37ab
 *(.debug_info .gnu.linkonce.wi.*)
 .debug_info    0x00000000      0x5d0 D:/7.0/Packs/atmel/ATmega_DFP/1.2.150/gcc/dev/atmega162/avr5/crtatmega162.o
 .debug_info    0x000005d0      0x22d ADC.o
 .debug_info    0x000007fd      0x3a2 CAN.o
 .debug_info    0x00000b9f      0x2c6 CAN_joystick.o
 .debug_info    0x00000e65       0xe7 EEPROM.o
 .debug_info    0x00000f4c      0x557 fsm.o
 .debug_info    0x000014a3      0x2a4 joystick.o
 .debug_info    0x00001747      0x28b main.o
 .debug_info    0x000019d2      0x466 MCP2515.o
 .debug_info    0x00001e38      0x17f memory.o
 .debug_info    0x00001fb7      0x943 OLED.o
 .debug_info    0x000028fa      0xc48 pong.o
 .debug_info    0x00003542       0xcc SPI.o
 .debug_info    0x0000360e      0x19d USART.o

.debug_abbrev   0x00000000     0x16cf
 *(.debug_abbrev)
 .debug_abbrev  0x00000000      0x580 D:/7.0/Packs/atmel/ATmega_DFP/1.2.150/gcc/dev/atmega162/avr5/crtatmega162.o
 .debug_abbrev  0x00000580      0x126 ADC.o
 .debug_abbrev  0x000006a6      0x1ba CAN.o
 .debug_abbrev  0x00000860      0x11b CAN_joystick.o
 .debug_abbrev  0x0000097b       0x8e EEPROM.o
 .debug_abbrev  0x00000a09      0x1aa fsm.o
 .debug_abbrev  0x00000bb3      0x124 joystick.o
 .debug_abbrev  0x00000cd7       0xe6 main.o
 .debug_abbrev  0x00000dbd      0x190 MCP2515.o
 .debug_abbrev  0x00000f4d       0xc2 memory.o
 .debug_abbrev  0x0000100f      0x27b OLED.o
 .debug_abbrev  0x0000128a      0x29e pong.o
 .debug_abbrev  0x00001528       0x95 SPI.o
 .debug_abbrev  0x000015bd      0x112 USART.o

.debug_line     0x00000000     0x3530
 *(.debug_line .debug_line.* .debug_line_end)
 .debug_line    0x00000000      0x13f D:/7.0/Packs/atmel/ATmega_DFP/1.2.150/gcc/dev/atmega162/avr5/crtatmega162.o
 .debug_line    0x0000013f      0x2de ADC.o
 .debug_line    0x0000041d      0x3b9 CAN.o
 .debug_line    0x000007d6      0x36a CAN_joystick.o
 .debug_line    0x00000b40      0x2ac EEPROM.o
 .debug_line    0x00000dec      0x4c4 fsm.o
 .debug_line    0x000012b0      0x3b3 joystick.o
 .debug_line    0x00001663      0x37e main.o
 .debug_line    0x000019e1      0x3f2 MCP2515.o
 .debug_line    0x00001dd3      0x314 memory.o
 .debug_line    0x000020e7      0x6f4 OLED.o
 .debug_line    0x000027db      0x7b3 pong.o
 .debug_line    0x00002f8e      0x2b2 SPI.o
 .debug_line    0x00003240      0x2f0 USART.o

.debug_frame    0x00000000      0xa14
 *(.debug_frame)
 .debug_frame   0x00000000       0x24 ADC.o
 .debug_frame   0x00000024       0xec CAN.o
 .debug_frame   0x00000110       0xa0 CAN_joystick.o
 .debug_frame   0x000001b0       0x34 EEPROM.o
 .debug_frame   0x000001e4       0xc0 fsm.o
 .debug_frame   0x000002a4       0xc0 joystick.o
 .debug_frame   0x00000364       0x24 main.o
 .debug_frame   0x00000388       0xcc MCP2515.o
 .debug_frame   0x00000454       0xa8 memory.o
 .debug_frame   0x000004fc      0x1a8 OLED.o
 .debug_frame   0x000006a4      0x2bc pong.o
 .debug_frame   0x00000960       0x44 SPI.o
 .debug_frame   0x000009a4       0x70 USART.o

.debug_str      0x00000000     0x99c3
 *(.debug_str)
 .debug_str     0x00000000      0x1f6 D:/7.0/Packs/atmel/ATmega_DFP/1.2.150/gcc/dev/atmega162/avr5/crtatmega162.o
 .debug_str     0x000001f6     0x7263 ADC.o
                               0x7399 (size before relaxing)
 .debug_str     0x00007459      0x845 CAN.o
                               0x7b25 (size before relaxing)
 .debug_str     0x00007c9e       0x99 CAN_joystick.o
                               0x7b21 (size before relaxing)
 .debug_str     0x00007d37       0x4c EEPROM.o
                               0x7318 (size before relaxing)
 .debug_str     0x00007d83      0x5fc fsm.o
                               0x8110 (size before relaxing)
 .debug_str     0x0000837f       0x45 joystick.o
                               0x73f2 (size before relaxing)
 .debug_str     0x000083c4       0x45 main.o
                               0x7fbf (size before relaxing)
 .debug_str     0x00008409       0x8d MCP2515.o
                               0x7b7c (size before relaxing)
 .debug_str     0x00008496       0x6b memory.o
                               0x7357 (size before relaxing)
 .debug_str     0x00008501     0x12f9 OLED.o
                               0x87c4 (size before relaxing)
 .debug_str     0x000097fa      0x16c pong.o
                               0x8229 (size before relaxing)
 .debug_str     0x00009966        0xb SPI.o
                               0x7307 (size before relaxing)
 .debug_str     0x00009971       0x52 USART.o
                               0x737c (size before relaxing)

.debug_loc      0x00000000     0x23bb
 *(.debug_loc)
 .debug_loc     0x00000000      0x1dc ADC.o
 .debug_loc     0x000001dc      0x36a CAN.o
 .debug_loc     0x00000546      0x27d CAN_joystick.o
 .debug_loc     0x000007c3       0x24 EEPROM.o
 .debug_loc     0x000007e7      0x214 fsm.o
 .debug_loc     0x000009fb       0xd0 joystick.o
 .debug_loc     0x00000acb      0x312 MCP2515.o
 .debug_loc     0x00000ddd      0x1c2 memory.o
 .debug_loc     0x00000f9f      0x7ea OLED.o
 .debug_loc     0x00001789      0xbd1 pong.o
 .debug_loc     0x0000235a       0x61 USART.o

.debug_macinfo
 *(.debug_macinfo)

.debug_weaknames
 *(.debug_weaknames)

.debug_funcnames
 *(.debug_funcnames)

.debug_typenames
 *(.debug_typenames)

.debug_varnames
 *(.debug_varnames)

.debug_pubtypes
 *(.debug_pubtypes)

.debug_ranges   0x00000000      0x440
 *(.debug_ranges)
 .debug_ranges  0x00000000       0x10 ADC.o
 .debug_ranges  0x00000010       0x30 CAN.o
 .debug_ranges  0x00000040       0x20 CAN_joystick.o
 .debug_ranges  0x00000060       0x18 EEPROM.o
 .debug_ranges  0x00000078       0x48 fsm.o
 .debug_ranges  0x000000c0       0x58 joystick.o
 .debug_ranges  0x00000118       0x10 main.o
 .debug_ranges  0x00000128       0x48 MCP2515.o
 .debug_ranges  0x00000170       0x48 memory.o
 .debug_ranges  0x000001b8       0xf0 OLED.o
 .debug_ranges  0x000002a8      0x150 pong.o
 .debug_ranges  0x000003f8       0x20 SPI.o
 .debug_ranges  0x00000418       0x28 USART.o

.debug_macro    0x00000000     0x3b04
 *(.debug_macro)
 .debug_macro   0x00000000      0x107 ADC.o
 .debug_macro   0x00000107      0xa4e ADC.o
 .debug_macro   0x00000b55       0x10 ADC.o
 .debug_macro   0x00000b65       0x10 ADC.o
 .debug_macro   0x00000b75      0x1c9 ADC.o
 .debug_macro   0x00000d3e      0x2fc ADC.o
 .debug_macro   0x0000103a       0x9e ADC.o
 .debug_macro   0x000010d8      0xf60 ADC.o
 .debug_macro   0x00002038      0x185 ADC.o
 .debug_macro   0x000021bd       0xbd ADC.o
 .debug_macro   0x0000227a       0x34 ADC.o
 .debug_macro   0x000022ae       0x18 ADC.o
 .debug_macro   0x000022c6       0x6c ADC.o
 .debug_macro   0x00002332       0x69 ADC.o
 .debug_macro   0x0000239b       0x10 ADC.o
 .debug_macro   0x000023ab      0x166 ADC.o
 .debug_macro   0x00002511       0x58 ADC.o
 .debug_macro   0x00002569       0x10 ADC.o
 .debug_macro   0x00002579       0x97 ADC.o
 .debug_macro   0x00002610       0xf2 ADC.o
 .debug_macro   0x00002702       0x1c ADC.o
 .debug_macro   0x0000271e       0x97 ADC.o
 .debug_macro   0x000027b5       0x60 ADC.o
 .debug_macro   0x00002815       0x1c ADC.o
 .debug_macro   0x00002831      0x11e CAN.o
 .debug_macro   0x0000294f       0x10 CAN.o
 .debug_macro   0x0000295f       0x1c CAN.o
 .debug_macro   0x0000297b      0x2bb CAN.o
 .debug_macro   0x00002c36      0x132 CAN_joystick.o
 .debug_macro   0x00002d68      0x101 EEPROM.o
 .debug_macro   0x00002e69      0x17e fsm.o
 .debug_macro   0x00002fe7       0x16 fsm.o
 .debug_macro   0x00002ffd       0x10 fsm.o
 .debug_macro   0x0000300d       0x46 fsm.o
 .debug_macro   0x00003053       0x2e fsm.o
 .debug_macro   0x00003081      0x10a joystick.o
 .debug_macro   0x0000318b      0x17e main.o
 .debug_macro   0x00003309      0x110 MCP2515.o
 .debug_macro   0x00003419      0x101 memory.o
 .debug_macro   0x0000351a      0x127 OLED.o
 .debug_macro   0x00003641       0x40 OLED.o
 .debug_macro   0x00003681       0x10 OLED.o
 .debug_macro   0x00003691       0x12 OLED.o
 .debug_macro   0x000036a3       0xe2 OLED.o
 .debug_macro   0x00003785      0x17e pong.o
 .debug_macro   0x00003903      0x101 SPI.o
 .debug_macro   0x00003a04      0x100 USART.o
OUTPUT(Node1.elf elf32-avr)
LOAD linker stubs
