Archive member included because of file (symbol)

c:/program files (x86)/atmel/atmel toolchain/avr8 gcc/native/3.4.1061/avr8-gnu-toolchain/bin/../lib/gcc/avr/4.8.1/avr5\libgcc.a(_exit.o)
                              c:/program files (x86)/atmel/atmel toolchain/avr8 gcc/native/3.4.1061/avr8-gnu-toolchain/bin/../lib/gcc/avr/4.8.1/../../../../avr/lib/avr5/crtm162.o (exit)
c:/program files (x86)/atmel/atmel toolchain/avr8 gcc/native/3.4.1061/avr8-gnu-toolchain/bin/../lib/gcc/avr/4.8.1/avr5\libgcc.a(_copy_data.o)
                              CAN.o (__do_copy_data)
c:/program files (x86)/atmel/atmel toolchain/avr8 gcc/native/3.4.1061/avr8-gnu-toolchain/bin/../lib/gcc/avr/4.8.1/avr5\libgcc.a(_clear_bss.o)
                              CAN.o (__do_clear_bss)
c:/program files (x86)/atmel/atmel toolchain/avr8 gcc/native/3.4.1061/avr8-gnu-toolchain/bin/../lib/gcc/avr/4.8.1/../../../../avr/lib/avr5\libc.a(rand.o)
                              memory.o (rand)
c:/program files (x86)/atmel/atmel toolchain/avr8 gcc/native/3.4.1061/avr8-gnu-toolchain/bin/../lib/gcc/avr/4.8.1/../../../../avr/lib/avr5\libc.a(itoa_ncheck.o)
                              pong.o (__itoa_ncheck)
c:/program files (x86)/atmel/atmel toolchain/avr8 gcc/native/3.4.1061/avr8-gnu-toolchain/bin/../lib/gcc/avr/4.8.1/../../../../avr/lib/avr5\libc.a(utoa_ncheck.o)
                              c:/program files (x86)/atmel/atmel toolchain/avr8 gcc/native/3.4.1061/avr8-gnu-toolchain/bin/../lib/gcc/avr/4.8.1/../../../../avr/lib/avr5\libc.a(itoa_ncheck.o) (__utoa_common)
c:/program files (x86)/atmel/atmel toolchain/avr8 gcc/native/3.4.1061/avr8-gnu-toolchain/bin/../lib/gcc/avr/4.8.1/../../../../avr/lib/avr5\libc.a(fdevopen.o)
                              USART.o (fdevopen)
c:/program files (x86)/atmel/atmel toolchain/avr8 gcc/native/3.4.1061/avr8-gnu-toolchain/bin/../lib/gcc/avr/4.8.1/../../../../avr/lib/avr5\libc.a(iob.o)
                              c:/program files (x86)/atmel/atmel toolchain/avr8 gcc/native/3.4.1061/avr8-gnu-toolchain/bin/../lib/gcc/avr/4.8.1/../../../../avr/lib/avr5\libc.a(fdevopen.o) (__iob)
c:/program files (x86)/atmel/atmel toolchain/avr8 gcc/native/3.4.1061/avr8-gnu-toolchain/bin/../lib/gcc/avr/4.8.1/../../../../avr/lib/avr5\libc.a(printf.o)
                              CAN.o (printf)
c:/program files (x86)/atmel/atmel toolchain/avr8 gcc/native/3.4.1061/avr8-gnu-toolchain/bin/../lib/gcc/avr/4.8.1/../../../../avr/lib/avr5\libc.a(putchar.o)
                              CAN.o (putchar)
c:/program files (x86)/atmel/atmel toolchain/avr8 gcc/native/3.4.1061/avr8-gnu-toolchain/bin/../lib/gcc/avr/4.8.1/../../../../avr/lib/avr5\libc.a(puts.o)
                              memory.o (puts)
c:/program files (x86)/atmel/atmel toolchain/avr8 gcc/native/3.4.1061/avr8-gnu-toolchain/bin/../lib/gcc/avr/4.8.1/../../../../avr/lib/avr5\libc.a(scanf.o)
                              pong.o (scanf)
c:/program files (x86)/atmel/atmel toolchain/avr8 gcc/native/3.4.1061/avr8-gnu-toolchain/bin/../lib/gcc/avr/4.8.1/../../../../avr/lib/avr5\libc.a(sprintf.o)
                              pong.o (sprintf)
c:/program files (x86)/atmel/atmel toolchain/avr8 gcc/native/3.4.1061/avr8-gnu-toolchain/bin/../lib/gcc/avr/4.8.1/../../../../avr/lib/avr5\libc.a(vfprintf_std.o)
                              c:/program files (x86)/atmel/atmel toolchain/avr8 gcc/native/3.4.1061/avr8-gnu-toolchain/bin/../lib/gcc/avr/4.8.1/../../../../avr/lib/avr5\libc.a(printf.o) (vfprintf)
c:/program files (x86)/atmel/atmel toolchain/avr8 gcc/native/3.4.1061/avr8-gnu-toolchain/bin/../lib/gcc/avr/4.8.1/../../../../avr/lib/avr5\libc.a(vfscanf_std.o)
                              c:/program files (x86)/atmel/atmel toolchain/avr8 gcc/native/3.4.1061/avr8-gnu-toolchain/bin/../lib/gcc/avr/4.8.1/../../../../avr/lib/avr5\libc.a(scanf.o) (vfscanf)
c:/program files (x86)/atmel/atmel toolchain/avr8 gcc/native/3.4.1061/avr8-gnu-toolchain/bin/../lib/gcc/avr/4.8.1/../../../../avr/lib/avr5\libc.a(calloc.o)
                              c:/program files (x86)/atmel/atmel toolchain/avr8 gcc/native/3.4.1061/avr8-gnu-toolchain/bin/../lib/gcc/avr/4.8.1/../../../../avr/lib/avr5\libc.a(fdevopen.o) (calloc)
c:/program files (x86)/atmel/atmel toolchain/avr8 gcc/native/3.4.1061/avr8-gnu-toolchain/bin/../lib/gcc/avr/4.8.1/../../../../avr/lib/avr5\libc.a(malloc.o)
                              c:/program files (x86)/atmel/atmel toolchain/avr8 gcc/native/3.4.1061/avr8-gnu-toolchain/bin/../lib/gcc/avr/4.8.1/../../../../avr/lib/avr5\libc.a(calloc.o) (malloc)
c:/program files (x86)/atmel/atmel toolchain/avr8 gcc/native/3.4.1061/avr8-gnu-toolchain/bin/../lib/gcc/avr/4.8.1/../../../../avr/lib/avr5\libc.a(isspace.o)
                              c:/program files (x86)/atmel/atmel toolchain/avr8 gcc/native/3.4.1061/avr8-gnu-toolchain/bin/../lib/gcc/avr/4.8.1/../../../../avr/lib/avr5\libc.a(vfscanf_std.o) (isspace)
[...]
Memory Configuration

Name             Origin             Length             Attributes
text             0x00000000         0x00020000         xr
data             0x00800060         0x0000ffa0         rw !x
eeprom           0x00810000         0x00010000         rw !x
fuse             0x00820000         0x00000400         rw !x
lock             0x00830000         0x00000400         rw !x
signature        0x00840000         0x00000400         rw !x
user_signatures  0x00850000         0x00000400         rw !x
*default*        0x00000000         0xffffffff

Linker script and memory map

Address of section .data set to 0x800100
LOAD c:/program files (x86)/atmel/atmel toolchain/avr8 gcc/native/3.4.1061/avr8-gnu-toolchain/bin/../lib/gcc/avr/4.8.1/../../../../avr/lib/avr5/crtm162.o
LOAD ADC.o
LOAD CAN.o
LOAD CAN_joystick.o
LOAD fsm.o
LOAD joystick.o
LOAD main.o
LOAD MCP2515.o
LOAD memory.o
LOAD OLED.o
LOAD pong.o
LOAD SPI.o
LOAD test.o
LOAD USART.o
LOAD utilities.o
START GROUP
LOAD c:/program files (x86)/atmel/atmel toolchain/avr8 gcc/native/3.4.1061/avr8-gnu-toolchain/bin/../lib/gcc/avr/4.8.1/../../../../avr/lib/avr5\libm.a
END GROUP
START GROUP
LOAD c:/program files (x86)/atmel/atmel toolchain/avr8 gcc/native/3.4.1061/avr8-gnu-toolchain/bin/../lib/gcc/avr/4.8.1/avr5\libgcc.a
LOAD c:/program files (x86)/atmel/atmel toolchain/avr8 gcc/native/3.4.1061/avr8-gnu-toolchain/bin/../lib/gcc/avr/4.8.1/../../../../avr/lib/avr5\libm.a
LOAD c:/program files (x86)/atmel/atmel toolchain/avr8 gcc/native/3.4.1061/avr8-gnu-toolchain/bin/../lib/gcc/avr/4.8.1/../../../../avr/lib/avr5\libc.a
END GROUP

.hash
 *(.hash)

.dynsym
 *(.dynsym)

.dynstr
 *(.dynstr)

.gnu.version
 *(.gnu.version)

.gnu.version_d
 *(.gnu.version_d)

.gnu.version_r
 *(.gnu.version_r)

.rel.init
 *(.rel.init)

.rela.init
 *(.rela.init)

.rel.text
 *(.rel.text)
 *(.rel.text.*)
 *(.rel.gnu.linkonce.t*)

.rela.text
 *(.rela.text)
 *(.rela.text.*)
 *(.rela.gnu.linkonce.t*)

.rel.fini
 *(.rel.fini)

.rela.fini
 *(.rela.fini)

.rel.rodata
 *(.rel.rodata)
 *(.rel.rodata.*)
 *(.rel.gnu.linkonce.r*)

.rela.rodata
 *(.rela.rodata)
 *(.rela.rodata.*)
 *(.rela.gnu.linkonce.r*)

.rel.data
 *(.rel.data)
 *(.rel.data.*)
 *(.rel.gnu.linkonce.d*)

.rela.data
 *(.rela.data)
 *(.rela.data.*)
 *(.rela.gnu.linkonce.d*)

.rel.ctors
 *(.rel.ctors)

.rela.ctors
 *(.rela.ctors)

.rel.dtors
 *(.rel.dtors)

.rela.dtors
 *(.rela.dtors)

.rel.got
 *(.rel.got)

.rela.got
 *(.rela.got)

.rel.bss
 *(.rel.bss)

.rela.bss
 *(.rela.bss)

.rel.plt
 *(.rel.plt)

.rela.plt
 *(.rela.plt)

.text           0x00000000     0x167e
 *(.vectors)
 .vectors       0x00000000       0x70 c:/program files (x86)/atmel/atmel toolchain/avr8 gcc/native/3.4.1061/avr8-gnu-toolchain/bin/../lib/gcc/avr/4.8.1/../../../../avr/lib/avr5/crtm162.o
                0x00000000                __vector_default
                0x00000000                __vectors
 *(.vectors)
 *(.progmem.gcc*)
                0x00000070                . = ALIGN (0x2)
                0x00000070                __trampolines_start = .
 *(.trampolines)
 .trampolines   0x00000070        0x0 linker stubs
 *(.trampolines*)
                0x00000070                __trampolines_end = .
 *(.progmem*)
 .progmem.data.font8
                0x00000070      0x308 OLED.o
                0x00000070                font8
                0x00000378                . = ALIGN (0x2)
 *(.jumptables)
 *(.jumptables*)
 *(.lowtext)
 *(.lowtext*)
                0x00000378                __ctors_start = .
 *(.ctors)
                0x00000378                __ctors_end = .
                0x00000378                __dtors_start = .
 *(.dtors)
                0x00000378                __dtors_end = .
 SORT(*)(.ctors)
 SORT(*)(.dtors)
 *(.init0)
 .init0         0x00000378        0x0 c:/program files (x86)/atmel/atmel toolchain/avr8 gcc/native/3.4.1061/avr8-gnu-toolchain/bin/../lib/gcc/avr/4.8.1/../../../../avr/lib/avr5/crtm162.o
                0x00000378                __init
 *(.init0)
 *(.init1)
 *(.init1)
 *(.init2)
 .init2         0x00000378        0xc c:/program files (x86)/atmel/atmel toolchain/avr8 gcc/native/3.4.1061/avr8-gnu-toolchain/bin/../lib/gcc/avr/4.8.1/../../../../avr/lib/avr5/crtm162.o
 *(.init2)
 *(.init3)
 *(.init3)
 *(.init4)
 .init4         0x00000384       0x16 c:/program files (x86)/atmel/atmel toolchain/avr8 gcc/native/3.4.1061/avr8-gnu-toolchain/bin/../lib/gcc/avr/4.8.1/avr5\libgcc.a(_copy_data.o)
                0x00000384                __do_copy_data
 .init4         0x0000039a       0x10 c:/program files (x86)/atmel/atmel toolchain/avr8 gcc/native/3.4.1061/avr8-gnu-toolchain/bin/../lib/gcc/avr/4.8.1/avr5\libgcc.a(_clear_bss.o)
                0x0000039a                __do_clear_bss
 *(.init4)
 *(.init5)
 *(.init5)
 *(.init6)
 *(.init6)
 *(.init7)
 *(.init7)
 *(.init8)
 *(.init8)
 *(.init9)
 .init9         0x000003aa        0x6 c:/program files (x86)/atmel/atmel toolchain/avr8 gcc/native/3.4.1061/avr8-gnu-toolchain/bin/../lib/gcc/avr/4.8.1/../../../../avr/lib/avr5/crtm162.o
 *(.init9)
 *(.text)
 .text          0x000003b0        0x2 c:/program files (x86)/atmel/atmel toolchain/avr8 gcc/native/3.4.1061/avr8-gnu-toolchain/bin/../lib/gcc/avr/4.8.1/../../../../avr/lib/avr5/crtm162.o
                0x000003b0                __vector_22
                0x000003b0                __vector_1
                0x000003b0                __vector_24
                0x000003b0                __vector_12
                0x000003b0                __bad_interrupt
                0x000003b0                __vector_6
                0x000003b0                __vector_23
                0x000003b0                __vector_25
                0x000003b0                __vector_11
                0x000003b0                __vector_13
                0x000003b0                __vector_17
                0x000003b0                __vector_19
                0x000003b0                __vector_7
                0x000003b0                __vector_27
                0x000003b0                __vector_5
                0x000003b0                __vector_4
                0x000003b0                __vector_9
                0x000003b0                __vector_2
                0x000003b0                __vector_21
                0x000003b0                __vector_15
                0x000003b0                __vector_8
                0x000003b0                __vector_26
                0x000003b0                __vector_14
                0x000003b0                __vector_10
                0x000003b0                __vector_16
                0x000003b0                __vector_18
                0x000003b0                __vector_20
                0x000003b2                . = ALIGN (0x2)
 *(.text.*)
 .text.ADC_read
                0x000003b2       0x6a ADC.o
                0x000003b2                ADC_read
 .text.CAN_init
                0x0000041c        0xe CAN.o
                0x0000041c                CAN_init
 .text.CAN_message_send
                0x0000042a       0x58 CAN.o
                0x0000042a                CAN_message_send
 .text.CAN_receive
                0x00000482       0x76 CAN.o
                0x00000482                CAN_receive
 .text.__vector_3
                0x000004f8       0x1e CAN.o
                0x000004f8                __vector_3
 .text.send_all_slider
                0x00000516       0x56 CAN_joystick.o
                0x00000516                send_all_slider
 .text.send_all_joy
                0x0000056c       0x56 CAN_joystick.o
                0x0000056c                send_all_joy
 .text.fsm_getCurrentState
                0x000005c2        0x6 fsm.o
                0x000005c2                fsm_getCurrentState
 .text.fsm_evMainMenu
                0x000005c8       0x10 fsm.o
                0x000005c8                fsm_evMainMenu
 .text.fsm_evInit
                0x000005d8       0x16 fsm.o
                0x000005d8                fsm_evInit
 .text.fsm_evPong
                0x000005ee       0x12 fsm.o
                0x000005ee                fsm_evPong
 .text.fsm_evSnek
                0x00000600       0x12 fsm.o
                0x00000600                fsm_evSnek
 .text.fsm_evThanksTo
                0x00000612       0x12 fsm.o
                0x00000612                fsm_evThanksTo
 .text.fsm_menuNavigate
                0x00000624       0x9e fsm.o
                0x00000624                fsm_menuNavigate
 .text.fsm_evReturn
                0x000006c2       0x24 fsm.o
                0x000006c2                fsm_evReturn
 .text.JOY_init
                0x000006e6        0x4 joystick.o
                0x000006e6                JOY_init
 .text.JOY_get_button
                0x000006ea        0x8 joystick.o
                0x000006ea                JOY_get_button
 .text.JOY_get_x
                0x000006f2       0x10 joystick.o
                0x000006f2                JOY_get_x
 .text.JOY_get_y
                0x00000702       0x10 joystick.o
                0x00000702                JOY_get_y
 .text.JOY_get_dir_y
                0x00000712       0x3e joystick.o
                0x00000712                JOY_get_dir_y
 .text.right_slider_pos
                0x00000750        0x6 joystick.o
                0x00000750                right_slider_pos
 .text.main     0x00000756       0x68 main.o
                0x00000756                main
 .text.mcp2515_read
                0x000007be       0x16 MCP2515.o
                0x000007be                mcp2515_read
 .text.mcp2515_write
                0x000007d4       0x1e MCP2515.o
                0x000007d4                mcp2515_write
 .text.mcp2515_set_mode
                0x000007f2        0x8 MCP2515.o
                0x000007f2                mcp2515_set_mode
 .text.mcp2515_request_to_send
                0x000007fa        0x8 MCP2515.o
                0x000007fa                mcp2515_request_to_send
 .text.mcp2515_bit_modify
                0x00000802       0x28 MCP2515.o
                0x00000802                mcp2515_bit_modify
 .text.mcp2515_reset
                0x0000082a       0x1a MCP2515.o
                0x0000082a                mcp2515_reset
 .text.mcp2515_init
                0x00000844       0x54 MCP2515.o
                0x00000844                mcp2515_init
 .text.init_memory
                0x00000898        0xe memory.o
                0x00000898                init_memory
 .text.OLED_init
                0x000008a6       0x72 OLED.o
                0x000008a6                OLED_init
 .text.OLED_home
                0x00000918       0x18 OLED.o
                0x00000918                OLED_home
 .text.OLED_goto_line
                0x00000930       0x22 OLED.o
                0x00000930                OLED_goto_line
 .text.OLED_clear_line
                0x00000952       0x28 OLED.o
                0x00000952                OLED_clear_line
 .text.OLED_clear
                0x0000097a       0x14 OLED.o
                0x0000097a                OLED_clear
 .text.OLED_load_sym
                0x0000098e       0x24 OLED.o
                0x0000098e                OLED_load_sym
 .text.OLED_store_str
                0x000009b2       0x3c OLED.o
                0x000009b2                OLED_store_str
 .text.OLED_store_sym
                0x000009ee       0x20 OLED.o
                0x000009ee                OLED_store_sym
 .text.OLED_refresh
                0x00000a0e       0x5c OLED.o
                0x00000a0e                OLED_refresh
 .text.pong_update_score
                0x00000a6a       0x62 pong.o
                0x00000a6a                pong_update_score
 .text.pong_init
                0x00000acc       0x46 pong.o
                0x00000acc                pong_init
 .text.pong_JOY
                0x00000b12       0x64 pong.o
                0x00000b12                pong_JOY
 .text.pong_slider
                0x00000b76       0x64 pong.o
                0x00000b76                pong_slider
 .text.pong_play
                0x00000bda       0x12 pong.o
                0x00000bda                pong_play
 .text.pong_print_highscore
                0x00000bec      0x112 pong.o
                0x00000bec                pong_print_highscore
 .text.SPI_master_init
                0x00000cfe        0xe SPI.o
                0x00000cfe                SPI_master_init
 .text.SPI_read
                0x00000d0c        0xc SPI.o
                0x00000d0c                SPI_read
 .text.SPI_send
                0x00000d18        0x8 SPI.o
                0x00000d18                SPI_send
 .text.USART_Transmit
                0x00000d20        0x8 USART.o
                0x00000d20                USART_Transmit
 .text.USART_Receive
                0x00000d28        0x8 USART.o
                0x00000d28                USART_Receive
 .text.USART_Init
                0x00000d30       0x20 USART.o
                0x00000d30                USART_Init
 .text.avr-libc
                0x00000d50       0x14 c:/program files (x86)/atmel/atmel toolchain/avr8 gcc/native/3.4.1061/avr8-gnu-toolchain/bin/../lib/gcc/avr/4.8.1/../../../../avr/lib/avr5\libc.a(itoa_ncheck.o)
                0x00000d50                __itoa_ncheck
 .text.avr-libc
                0x00000d64       0x32 c:/program files (x86)/atmel/atmel toolchain/avr8 gcc/native/3.4.1061/avr8-gnu-toolchain/bin/../lib/gcc/avr/4.8.1/../../../../avr/lib/avr5\libc.a(utoa_ncheck.o)
                0x00000d64                __utoa_ncheck
                0x00000d66                __utoa_common
 .text.avr-libc
                0x00000d96       0x94 c:/program files (x86)/atmel/atmel toolchain/avr8 gcc/native/3.4.1061/avr8-gnu-toolchain/bin/../lib/gcc/avr/4.8.1/../../../../avr/lib/avr5\libc.a(fdevopen.o)
                0x00000d96                fdevopen
 .text.avr-libc
                0x00000e2a       0x22 c:/program files (x86)/atmel/atmel toolchain/avr8 gcc/native/3.4.1061/avr8-gnu-toolchain/bin/../lib/gcc/avr/4.8.1/../../../../avr/lib/avr5\libc.a(printf.o)
                0x00000e2a                printf
 .text.avr-libc
                0x00000e4c       0x3e c:/program files (x86)/atmel/atmel toolchain/avr8 gcc/native/3.4.1061/avr8-gnu-toolchain/bin/../lib/gcc/avr/4.8.1/../../../../avr/lib/avr5\libc.a(sprintf.o)
                0x00000e4c                sprintf
 .text.avr-libc
                0x00000e8a      0x386 c:/program files (x86)/atmel/atmel toolchain/avr8 gcc/native/3.4.1061/avr8-gnu-toolchain/bin/../lib/gcc/avr/4.8.1/../../../../avr/lib/avr5\libc.a(vfprintf_std.o)
                0x00000e8a                vfprintf
 .text.avr-libc
                0x00001210       0x34 c:/program files (x86)/atmel/atmel toolchain/avr8 gcc/native/3.4.1061/avr8-gnu-toolchain/bin/../lib/gcc/avr/4.8.1/../../../../avr/lib/avr5\libc.a(calloc.o)
                0x00001210                calloc
 .text.avr-libc
                0x00001244      0x24e c:/program files (x86)/atmel/atmel toolchain/avr8 gcc/native/3.4.1061/avr8-gnu-toolchain/bin/../lib/gcc/avr/4.8.1/../../../../avr/lib/avr5\libc.a(malloc.o)
                0x00001244                malloc
                0x00001374                free
 .text.avr-libc
                0x00001492       0x16 c:/program files (x86)/atmel/atmel toolchain/avr8 gcc/native/3.4.1061/avr8-gnu-toolchain/bin/../lib/gcc/avr/4.8.1/../../../../avr/lib/avr5\libc.a(strnlen_P.o)
                0x00001492                strnlen_P
 .text.avr-libc
                0x000014a8        0xe c:/program files (x86)/atmel/atmel toolchain/avr8 gcc/native/3.4.1061/avr8-gnu-toolchain/bin/../lib/gcc/avr/4.8.1/../../../../avr/lib/avr5\libc.a(memset.o)
                0x000014a8                memset
 .text.avr-libc
                0x000014b6       0x16 c:/program files (x86)/atmel/atmel toolchain/avr8 gcc/native/3.4.1061/avr8-gnu-toolchain/bin/../lib/gcc/avr/4.8.1/../../../../avr/lib/avr5\libc.a(strnlen.o)
                0x000014b6                strnlen
 .text.avr-libc
                0x000014cc       0x20 c:/program files (x86)/atmel/atmel toolchain/avr8 gcc/native/3.4.1061/avr8-gnu-toolchain/bin/../lib/gcc/avr/4.8.1/../../../../avr/lib/avr5\libc.a(strrev.o)
                0x000014cc                strrev
 .text.avr-libc
                0x000014ec       0x64 c:/program files (x86)/atmel/atmel toolchain/avr8 gcc/native/3.4.1061/avr8-gnu-toolchain/bin/../lib/gcc/avr/4.8.1/../../../../avr/lib/avr5\libc.a(fputc.o)
                0x000014ec                fputc
 .text.avr-libc
                0x00001550       0xbc c:/program files (x86)/atmel/atmel toolchain/avr8 gcc/native/3.4.1061/avr8-gnu-toolchain/bin/../lib/gcc/avr/4.8.1/../../../../avr/lib/avr5\libc.a(ultoa_invert.o)
                0x00001550                __ultoa_invert
 .text.libgcc.prologue
                0x0000160c       0x38 c:/program files (x86)/atmel/atmel toolchain/avr8 gcc/native/3.4.1061/avr8-gnu-toolchain/bin/../lib/gcc/avr/4.8.1/avr5\libgcc.a(_prologue.o)
                0x0000160c                __prologue_saves__
 .text.libgcc.prologue
                0x00001644       0x36 c:/program files (x86)/atmel/atmel toolchain/avr8 gcc/native/3.4.1061/avr8-gnu-toolchain/bin/../lib/gcc/avr/4.8.1/avr5\libgcc.a(_epilogue.o)
                0x00001644                __epilogue_restores__
                0x0000167a                . = ALIGN (0x2)
 *(.fini9)
 .fini9         0x0000167a        0x0 c:/program files (x86)/atmel/atmel toolchain/avr8 gcc/native/3.4.1061/avr8-gnu-toolchain/bin/../lib/gcc/avr/4.8.1/avr5\libgcc.a(_exit.o)
                0x0000167a                _exit
                0x0000167a                exit
 *(.fini9)
 *(.fini8)
 *(.fini8)
 *(.fini7)
 *(.fini7)
 *(.fini6)
 *(.fini6)
 *(.fini5)
 *(.fini5)
 *(.fini4)
 *(.fini4)
 *(.fini3)
 *(.fini3)
 *(.fini2)
 *(.fini2)
 *(.fini1)
 *(.fini1)
 *(.fini0)
 .fini0         0x0000167a        0x4 c:/program files (x86)/atmel/atmel toolchain/avr8 gcc/native/3.4.1061/avr8-gnu-toolchain/bin/../lib/gcc/avr/4.8.1/avr5\libgcc.a(_exit.o)
 *(.fini0)
                0x0000167e                _etext = .

.data           0x00800100      0x33e load address 0x0000167e
                0x00800100                PROVIDE (__data_start, .)
 *(.data)
 .data          0x00800100        0x6 c:/program files (x86)/atmel/atmel toolchain/avr8 gcc/native/3.4.1061/avr8-gnu-toolchain/bin/../lib/gcc/avr/4.8.1/../../../../avr/lib/avr5\libc.a(malloc.o)
                0x00800100                __malloc_heap_end
                0x00800102                __malloc_heap_start
                0x00800104                __malloc_margin
 *(.data*)
 .data.Highscore
                0x00800106       0x12 pong.o
 *(.rodata)
 *(.rodata*)
 .rodata.str1.1
                0x00800118      0x152 fsm.o
 .rodata.str1.1
                0x0080026a        0x7 joystick.o
 .rodata.str1.1
                0x00800271       0x44 MCP2515.o
 .rodata.str1.1
                0x008002b5      0x189 pong.o
                                0x18e (size before relaxing)
 *(.gnu.linkonce.d*)
                0x0080043e                . = ALIGN (0x2)
                0x0080043e                _edata = .
                0x0080043e                PROVIDE (__data_end, .)

.bss            0x0080043e        0xe
                0x0080043e                PROVIDE (__bss_start, .)
 *(.bss)
 *(.bss*)
 .bss.CAN_int_flag
                0x0080043e        0x1 CAN.o
 .bss.currentState
                0x0080043f        0x1 fsm.o
 .bss.cursor    0x00800440        0x2 OLED.o
 *(COMMON)
 COMMON         0x00800442        0x6 c:/program files (x86)/atmel/atmel toolchain/avr8 gcc/native/3.4.1061/avr8-gnu-toolchain/bin/../lib/gcc/avr/4.8.1/../../../../avr/lib/avr5\libc.a(iob.o)
                0x00800442                __iob
 COMMON         0x00800448        0x4 c:/program files (x86)/atmel/atmel toolchain/avr8 gcc/native/3.4.1061/avr8-gnu-toolchain/bin/../lib/gcc/avr/4.8.1/../../../../avr/lib/avr5\libc.a(malloc.o)
                0x00800448                __brkval
                0x0080044a                __flp
                0x0080044c                PROVIDE (__bss_end, .)
                0x0000167e                __data_load_start = LOADADDR (.data)
                0x000019bc                __data_load_end = (__data_load_start + SIZEOF (.data))

.noinit         0x0080044c        0x0
                0x0080044c                PROVIDE (__noinit_start, .)
 *(.noinit*)
                0x0080044c                PROVIDE (__noinit_end, .)
                0x0080044c                _end = .
                0x0080044c                PROVIDE (__heap_start, .)

.eeprom         0x00810000        0x0
 *(.eeprom*)
                0x00810000                __eeprom_end = .

.fuse
 *(.fuse)
 *(.lfuse)
 *(.hfuse)
 *(.efuse)

.lock
 *(.lock*)

.signature
 *(.signature*)

.user_signatures
 *(.user_signatures*)

.stab
 *(.stab)

.stabstr
 *(.stabstr)

.stab.excl
 *(.stab.excl)

.stab.exclstr
 *(.stab.exclstr)

.stab.index
 *(.stab.index)

.stab.indexstr
 *(.stab.indexstr)

.comment        0x00000000       0x5c
 *(.comment)
 .comment       0x00000000       0x30 ADC.o
                                 0x31 (size before relaxing)
 .comment       0x00000000       0x31 CAN.o
 .comment       0x00000000       0x31 CAN_joystick.o
 .comment       0x00000000       0x31 fsm.o
 .comment       0x00000000       0x31 joystick.o
 .comment       0x00000000       0x31 main.o
 .comment       0x00000000       0x31 MCP2515.o
 .comment       0x00000000       0x31 memory.o
 .comment       0x00000000       0x31 OLED.o
 .comment       0x00000000       0x31 pong.o
 .comment       0x00000000       0x31 SPI.o
 .comment       0x00000000       0x31 USART.o
 .comment       0x00000000       0x31 c:/program files (x86)/atmel/atmel toolchain/avr8 gcc/native/3.4.1061/avr8-gnu-toolchain/bin/../lib/gcc/avr/4.8.1/../../../../avr/lib/avr5\libc.a(fdevopen.o)
 .comment       0x00000000       0x31 c:/program files (x86)/atmel/atmel toolchain/avr8 gcc/native/3.4.1061/avr8-gnu-toolchain/bin/../lib/gcc/avr/4.8.1/../../../../avr/lib/avr5\libc.a(iob.o)
 .comment       0x00000000       0x31 c:/program files (x86)/atmel/atmel toolchain/avr8 gcc/native/3.4.1061/avr8-gnu-toolchain/bin/../lib/gcc/avr/4.8.1/../../../../avr/lib/avr5\libc.a(printf.o)
 .comment       0x00000000       0x31 c:/program files (x86)/atmel/atmel toolchain/avr8 gcc/native/3.4.1061/avr8-gnu-toolchain/bin/../lib/gcc/avr/4.8.1/../../../../avr/lib/avr5\libc.a(sprintf.o)
 .comment       0x00000030       0x2c c:/program files (x86)/atmel/atmel toolchain/avr8 gcc/native/3.4.1061/avr8-gnu-toolchain/bin/../lib/gcc/avr/4.8.1/../../../../avr/lib/avr5\libc.a(vfprintf_std.o)
                                 0x2d (size before relaxing)
 .comment       0x00000000       0x31 c:/program files (x86)/atmel/atmel toolchain/avr8 gcc/native/3.4.1061/avr8-gnu-toolchain/bin/../lib/gcc/avr/4.8.1/../../../../avr/lib/avr5\libc.a(calloc.o)
 .comment       0x00000000       0x31 c:/program files (x86)/atmel/atmel toolchain/avr8 gcc/native/3.4.1061/avr8-gnu-toolchain/bin/../lib/gcc/avr/4.8.1/../../../../avr/lib/avr5\libc.a(malloc.o)
 .comment       0x00000000       0x31 c:/program files (x86)/atmel/atmel toolchain/avr8 gcc/native/3.4.1061/avr8-gnu-toolchain/bin/../lib/gcc/avr/4.8.1/../../../../avr/lib/avr5\libc.a(fputc.o)

.note.gnu.build-id
 *(.note.gnu.build-id)

.debug
 *(.debug)

.line
 *(.line)

.debug_srcinfo
 *(.debug_srcinfo)

.debug_sfnames
 *(.debug_sfnames)

.debug_aranges  0x00000000      0x338
 *(.debug_aranges)
 .debug_aranges
                0x00000000       0x20 ADC.o
 .debug_aranges
                0x00000020       0x40 CAN.o
 .debug_aranges
                0x00000060       0x30 CAN_joystick.o
 .debug_aranges
                0x00000090       0x58 fsm.o
 .debug_aranges
                0x000000e8       0x68 joystick.o
 .debug_aranges
                0x00000150       0x20 main.o
 .debug_aranges
                0x00000170       0x58 MCP2515.o
 .debug_aranges
                0x000001c8       0x28 memory.o
 .debug_aranges
                0x000001f0       0x80 OLED.o
 .debug_aranges
                0x00000270       0x60 pong.o
 .debug_aranges
                0x000002d0       0x30 SPI.o
 .debug_aranges
                0x00000300       0x38 USART.o

.debug_pubnames
 *(.debug_pubnames)

.debug_info     0x00000000     0x2cf2
 *(.debug_info .gnu.linkonce.wi.*)
 .debug_info    0x00000000      0x226 ADC.o
 .debug_info    0x00000226      0x3fa CAN.o
 .debug_info    0x00000620      0x2d5 CAN_joystick.o
 .debug_info    0x000008f5      0x544 fsm.o
 .debug_info    0x00000e39      0x2e4 joystick.o
 .debug_info    0x0000111d      0x292 main.o
 .debug_info    0x000013af      0x47e MCP2515.o
 .debug_info    0x0000182d      0x17f memory.o
 .debug_info    0x000019ac      0x5f2 OLED.o
 .debug_info    0x00001f9e      0x9fc pong.o
 .debug_info    0x0000299a       0xcc SPI.o
 .debug_info    0x00002a66      0x28c USART.o

.debug_abbrev   0x00000000     0x1209
 *(.debug_abbrev)
 .debug_abbrev  0x00000000      0x124 ADC.o
 .debug_abbrev  0x00000124      0x1e7 CAN.o
 .debug_abbrev  0x0000030b      0x13f CAN_joystick.o
 .debug_abbrev  0x0000044a      0x1e6 fsm.o
 .debug_abbrev  0x00000630      0x174 joystick.o
 .debug_abbrev  0x000007a4      0x122 main.o
 .debug_abbrev  0x000008c6      0x1dd MCP2515.o
 .debug_abbrev  0x00000aa3       0xc2 memory.o
 .debug_abbrev  0x00000b65      0x1be OLED.o
 .debug_abbrev  0x00000d23      0x2c2 pong.o
 .debug_abbrev  0x00000fe5       0x95 SPI.o
 .debug_abbrev  0x0000107a      0x18f USART.o

.debug_line     0x00000000     0x3447
 *(.debug_line .debug_line.* .debug_line_end)
 .debug_line    0x00000000      0x36c ADC.o
 .debug_line    0x0000036c      0x44d CAN.o
 .debug_line    0x000007b9      0x3f8 CAN_joystick.o
 .debug_line    0x00000bb1      0x530 fsm.o
 .debug_line    0x000010e1      0x447 joystick.o
 .debug_line    0x00001528      0x3f4 main.o
 .debug_line    0x0000191c      0x47f MCP2515.o
 .debug_line    0x00001d9b      0x39a memory.o
 .debug_line    0x00002135      0x62a OLED.o
 .debug_line    0x0000275f      0x624 pong.o
 .debug_line    0x00002d83      0x346 SPI.o
 .debug_line    0x000030c9      0x37e USART.o

.debug_frame    0x00000000      0x88c
 *(.debug_frame)
 .debug_frame   0x00000000       0x24 ADC.o
 .debug_frame   0x00000024       0xec CAN.o
 .debug_frame   0x00000110       0xa0 CAN_joystick.o
 .debug_frame   0x000001b0       0xd4 fsm.o
 .debug_frame   0x00000284       0xd4 joystick.o
 .debug_frame   0x00000358       0x24 main.o
 .debug_frame   0x0000037c       0xcc MCP2515.o
 .debug_frame   0x00000448       0xa8 memory.o
 .debug_frame   0x000004f0      0x138 OLED.o
 .debug_frame   0x00000628      0x1b0 pong.o
 .debug_frame   0x000007d8       0x44 SPI.o
 .debug_frame   0x0000081c       0x70 USART.o

.debug_str      0x00000000     0x959f
 *(.debug_str)
 .debug_str     0x00000000     0x707a ADC.o
                               0x71b0 (size before relaxing)
 .debug_str     0x0000707a      0x840 CAN.o
                               0x793c (size before relaxing)
 .debug_str     0x000078ba       0x93 CAN_joystick.o
                               0x7932 (size before relaxing)
 .debug_str     0x0000794d      0x678 fsm.o
                               0x7fab (size before relaxing)
 .debug_str     0x00007fc5       0x45 joystick.o
                               0x721d (size before relaxing)
 .debug_str     0x0000800a       0x45 main.o
                               0x7e8f (size before relaxing)
 .debug_str     0x0000804f       0x9a MCP2515.o
                               0x7993 (size before relaxing)
 .debug_str     0x000080e9       0x74 memory.o
                               0x716e (size before relaxing)
 .debug_str     0x0000815d     0x1288 OLED.o
                               0x852d (size before relaxing)
 .debug_str     0x000093e5      0x14b pong.o
                               0x802a (size before relaxing)
 .debug_str     0x00009530        0xb SPI.o
                               0x711e (size before relaxing)
 .debug_str     0x0000953b       0x64 USART.o
                               0x71b1 (size before relaxing)

.debug_loc      0x00000000     0x1cc9
 *(.debug_loc)
 .debug_loc     0x00000000      0x1dc ADC.o
 .debug_loc     0x000001dc      0x35f CAN.o
 .debug_loc     0x0000053b      0x27d CAN_joystick.o
 .debug_loc     0x000007b8      0x220 fsm.o
 .debug_loc     0x000009d8      0x133 joystick.o
 .debug_loc     0x00000b0b      0x2cd MCP2515.o
 .debug_loc     0x00000dd8      0x1c2 memory.o
 .debug_loc     0x00000f9a      0x602 OLED.o
 .debug_loc     0x0000159c      0x6cc pong.o
 .debug_loc     0x00001c68       0x61 USART.o

.debug_macinfo
 *(.debug_macinfo)

.debug_weaknames
 *(.debug_weaknames)

.debug_funcnames
 *(.debug_funcnames)

.debug_typenames
 *(.debug_typenames)

.debug_varnames
 *(.debug_varnames)

.debug_pubtypes
 *(.debug_pubtypes)

.debug_ranges   0x00000000      0x338
 *(.debug_ranges)
 .debug_ranges  0x00000000       0x10 ADC.o
 .debug_ranges  0x00000010       0x30 CAN.o
 .debug_ranges  0x00000040       0x20 CAN_joystick.o
 .debug_ranges  0x00000060       0x48 fsm.o
 .debug_ranges  0x000000a8       0x58 joystick.o
 .debug_ranges  0x00000100       0x10 main.o
 .debug_ranges  0x00000110       0x48 MCP2515.o
 .debug_ranges  0x00000158       0x48 memory.o
 .debug_ranges  0x000001a0       0xd0 OLED.o
 .debug_ranges  0x00000270       0x80 pong.o
 .debug_ranges  0x000002f0       0x20 SPI.o
 .debug_ranges  0x00000310       0x28 USART.o

.debug_macro    0x00000000     0x3918
 *(.debug_macro)
 .debug_macro   0x00000000      0x107 ADC.o
 .debug_macro   0x00000107      0xa30 ADC.o
 .debug_macro   0x00000b37       0x10 ADC.o
 .debug_macro   0x00000b47       0x10 ADC.o
 .debug_macro   0x00000b57      0x1ad ADC.o
 .debug_macro   0x00000d04      0x293 ADC.o
 .debug_macro   0x00000f97       0x9e ADC.o
 .debug_macro   0x00001035      0xf36 ADC.o
 .debug_macro   0x00001f6b      0x185 ADC.o
 .debug_macro   0x000020f0       0xbd ADC.o
 .debug_macro   0x000021ad       0x34 ADC.o
 .debug_macro   0x000021e1       0x18 ADC.o
 .debug_macro   0x000021f9       0x6c ADC.o
 .debug_macro   0x00002265       0x69 ADC.o
 .debug_macro   0x000022ce       0x10 ADC.o
 .debug_macro   0x000022de      0x16d ADC.o
 .debug_macro   0x0000244b       0x58 ADC.o
 .debug_macro   0x000024a3       0x10 ADC.o
 .debug_macro   0x000024b3       0x97 ADC.o
 .debug_macro   0x0000254a       0xeb ADC.o
 .debug_macro   0x00002635       0x1c ADC.o
 .debug_macro   0x00002651       0x97 ADC.o
 .debug_macro   0x000026e8       0x60 ADC.o
 .debug_macro   0x00002748       0x1c ADC.o
 .debug_macro   0x00002764      0x11e CAN.o
 .debug_macro   0x00002882       0x10 CAN.o
 .debug_macro   0x00002892       0x1c CAN.o
 .debug_macro   0x000028ae      0x2bb CAN.o
 .debug_macro   0x00002b69      0x132 CAN_joystick.o
 .debug_macro   0x00002c9b      0x174 fsm.o
 .debug_macro   0x00002e0f       0x16 fsm.o
 .debug_macro   0x00002e25       0x10 fsm.o
 .debug_macro   0x00002e35       0x46 fsm.o
 .debug_macro   0x00002e7b       0x2e fsm.o
 .debug_macro   0x00002ea9      0x10a joystick.o
 .debug_macro   0x00002fb3      0x174 main.o
 .debug_macro   0x00003127      0x110 MCP2515.o
 .debug_macro   0x00003237      0x101 memory.o
 .debug_macro   0x00003338      0x127 OLED.o
 .debug_macro   0x0000345f       0x40 OLED.o
 .debug_macro   0x0000349f       0x10 OLED.o
 .debug_macro   0x000034af       0x12 OLED.o
 .debug_macro   0x000034c1       0xe2 OLED.o
 .debug_macro   0x000035a3      0x174 pong.o
 .debug_macro   0x00003717      0x101 SPI.o
 .debug_macro   0x00003818      0x100 USART.o
OUTPUT(Node1.elf elf32-avr)
LOAD linker stubs
