Archive member included because of file (symbol)

c:/program files (x86)/atmel/atmel toolchain/avr8 gcc/native/3.4.1061/avr8-gnu-toolchain/bin/../lib/gcc/avr/4.8.1/avr5\libgcc.a(_exit.o)
                              c:/program files (x86)/atmel/atmel toolchain/avr8 gcc/native/3.4.1061/avr8-gnu-toolchain/bin/../lib/gcc/avr/4.8.1/../../../../avr/lib/avr5/crtm162.o (exit)
c:/program files (x86)/atmel/atmel toolchain/avr8 gcc/native/3.4.1061/avr8-gnu-toolchain/bin/../lib/gcc/avr/4.8.1/avr5\libgcc.a(_copy_data.o)
                              CAN.o (__do_copy_data)
c:/program files (x86)/atmel/atmel toolchain/avr8 gcc/native/3.4.1061/avr8-gnu-toolchain/bin/../lib/gcc/avr/4.8.1/avr5\libgcc.a(_clear_bss.o)
                              CAN.o (__do_clear_bss)
c:/program files (x86)/atmel/atmel toolchain/avr8 gcc/native/3.4.1061/avr8-gnu-toolchain/bin/../lib/gcc/avr/4.8.1/../../../../avr/lib/avr5\libc.a(rand.o)
                              memory.o (rand)
c:/program files (x86)/atmel/atmel toolchain/avr8 gcc/native/3.4.1061/avr8-gnu-toolchain/bin/../lib/gcc/avr/4.8.1/../../../../avr/lib/avr5\libc.a(itoa_ncheck.o)
                              pong.o (__itoa_ncheck)
c:/program files (x86)/atmel/atmel toolchain/avr8 gcc/native/3.4.1061/avr8-gnu-toolchain/bin/../lib/gcc/avr/4.8.1/../../../../avr/lib/avr5\libc.a(utoa_ncheck.o)
                              c:/program files (x86)/atmel/atmel toolchain/avr8 gcc/native/3.4.1061/avr8-gnu-toolchain/bin/../lib/gcc/avr/4.8.1/../../../../avr/lib/avr5\libc.a(itoa_ncheck.o) (__utoa_common)
c:/program files (x86)/atmel/atmel toolchain/avr8 gcc/native/3.4.1061/avr8-gnu-toolchain/bin/../lib/gcc/avr/4.8.1/../../../../avr/lib/avr5\libc.a(fdevopen.o)
                              USART.o (fdevopen)
c:/program files (x86)/atmel/atmel toolchain/avr8 gcc/native/3.4.1061/avr8-gnu-toolchain/bin/../lib/gcc/avr/4.8.1/../../../../avr/lib/avr5\libc.a(iob.o)
                              c:/program files (x86)/atmel/atmel toolchain/avr8 gcc/native/3.4.1061/avr8-gnu-toolchain/bin/../lib/gcc/avr/4.8.1/../../../../avr/lib/avr5\libc.a(fdevopen.o) (__iob)
c:/program files (x86)/atmel/atmel toolchain/avr8 gcc/native/3.4.1061/avr8-gnu-toolchain/bin/../lib/gcc/avr/4.8.1/../../../../avr/lib/avr5\libc.a(printf.o)
                              CAN.o (printf)
c:/program files (x86)/atmel/atmel toolchain/avr8 gcc/native/3.4.1061/avr8-gnu-toolchain/bin/../lib/gcc/avr/4.8.1/../../../../avr/lib/avr5\libc.a(putchar.o)
                              CAN.o (putchar)
c:/program files (x86)/atmel/atmel toolchain/avr8 gcc/native/3.4.1061/avr8-gnu-toolchain/bin/../lib/gcc/avr/4.8.1/../../../../avr/lib/avr5\libc.a(puts.o)
                              memory.o (puts)
c:/program files (x86)/atmel/atmel toolchain/avr8 gcc/native/3.4.1061/avr8-gnu-toolchain/bin/../lib/gcc/avr/4.8.1/../../../../avr/lib/avr5\libc.a(scanf.o)
                              pong.o (scanf)
c:/program files (x86)/atmel/atmel toolchain/avr8 gcc/native/3.4.1061/avr8-gnu-toolchain/bin/../lib/gcc/avr/4.8.1/../../../../avr/lib/avr5\libc.a(sprintf.o)
                              pong.o (sprintf)
c:/program files (x86)/atmel/atmel toolchain/avr8 gcc/native/3.4.1061/avr8-gnu-toolchain/bin/../lib/gcc/avr/4.8.1/../../../../avr/lib/avr5\libc.a(vfprintf_std.o)
                              c:/program files (x86)/atmel/atmel toolchain/avr8 gcc/native/3.4.1061/avr8-gnu-toolchain/bin/../lib/gcc/avr/4.8.1/../../../../avr/lib/avr5\libc.a(printf.o) (vfprintf)
c:/program files (x86)/atmel/atmel toolchain/avr8 gcc/native/3.4.1061/avr8-gnu-toolchain/bin/../lib/gcc/avr/4.8.1/../../../../avr/lib/avr5\libc.a(vfscanf_std.o)
                              c:/program files (x86)/atmel/atmel toolchain/avr8 gcc/native/3.4.1061/avr8-gnu-toolchain/bin/../lib/gcc/avr/4.8.1/../../../../avr/lib/avr5\libc.a(scanf.o) (vfscanf)
c:/program files (x86)/atmel/atmel toolchain/avr8 gcc/native/3.4.1061/avr8-gnu-toolchain/bin/../lib/gcc/avr/4.8.1/../../../../avr/lib/avr5\libc.a(calloc.o)
                              c:/program files (x86)/atmel/atmel toolchain/avr8 gcc/native/3.4.1061/avr8-gnu-toolchain/bin/../lib/gcc/avr/4.8.1/../../../../avr/lib/avr5\libc.a(fdevopen.o) (calloc)
c:/program files (x86)/atmel/atmel toolchain/avr8 gcc/native/3.4.1061/avr8-gnu-toolchain/bin/../lib/gcc/avr/4.8.1/../../../../avr/lib/avr5\libc.a(malloc.o)
                              c:/program files (x86)/atmel/atmel toolchain/avr8 gcc/native/3.4.1061/avr8-gnu-toolchain/bin/../lib/gcc/avr/4.8.1/../../../../avr/lib/avr5\libc.a(calloc.o) (malloc)
c:/program files (x86)/atmel/atmel toolchain/avr8 gcc/native/3.4.1061/avr8-gnu-toolchain/bin/../lib/gcc/avr/4.8.1/../../../../avr/lib/avr5\libc.a(isspace.o)
                              c:/program files (x86)/atmel/atmel toolchain/avr8 gcc/native/3.4.1061/avr8-gnu-toolchain/bin/../lib/gcc/avr/4.8.1/../../../../avr/lib/avr5\libc.a(vfscanf_std.o) (isspace)
[...]
Memory Configuration

Name             Origin             Length             Attributes
text             0x00000000         0x00020000         xr
data             0x00800060         0x0000ffa0         rw !x
eeprom           0x00810000         0x00010000         rw !x
fuse             0x00820000         0x00000400         rw !x
lock             0x00830000         0x00000400         rw !x
signature        0x00840000         0x00000400         rw !x
user_signatures  0x00850000         0x00000400         rw !x
*default*        0x00000000         0xffffffff

Linker script and memory map

Address of section .data set to 0x800100
LOAD c:/program files (x86)/atmel/atmel toolchain/avr8 gcc/native/3.4.1061/avr8-gnu-toolchain/bin/../lib/gcc/avr/4.8.1/../../../../avr/lib/avr5/crtm162.o
LOAD ADC.o
LOAD CAN.o
LOAD CAN_joystick.o
LOAD EEPROM.o
LOAD fsm.o
LOAD joystick.o
LOAD main.o
LOAD MCP2515.o
LOAD memory.o
LOAD OLED.o
LOAD pong.o
LOAD snek.o
LOAD SPI.o
LOAD test.o
LOAD USART.o
LOAD utilities.o
START GROUP
LOAD c:/program files (x86)/atmel/atmel toolchain/avr8 gcc/native/3.4.1061/avr8-gnu-toolchain/bin/../lib/gcc/avr/4.8.1/../../../../avr/lib/avr5\libm.a
END GROUP
START GROUP
LOAD c:/program files (x86)/atmel/atmel toolchain/avr8 gcc/native/3.4.1061/avr8-gnu-toolchain/bin/../lib/gcc/avr/4.8.1/avr5\libgcc.a
LOAD c:/program files (x86)/atmel/atmel toolchain/avr8 gcc/native/3.4.1061/avr8-gnu-toolchain/bin/../lib/gcc/avr/4.8.1/../../../../avr/lib/avr5\libm.a
LOAD c:/program files (x86)/atmel/atmel toolchain/avr8 gcc/native/3.4.1061/avr8-gnu-toolchain/bin/../lib/gcc/avr/4.8.1/../../../../avr/lib/avr5\libc.a
END GROUP

.hash
 *(.hash)

.dynsym
 *(.dynsym)

.dynstr
 *(.dynstr)

.gnu.version
 *(.gnu.version)

.gnu.version_d
 *(.gnu.version_d)

.gnu.version_r
 *(.gnu.version_r)

.rel.init
 *(.rel.init)

.rela.init
 *(.rela.init)

.rel.text
 *(.rel.text)
 *(.rel.text.*)
 *(.rel.gnu.linkonce.t*)

.rela.text
 *(.rela.text)
 *(.rela.text.*)
 *(.rela.gnu.linkonce.t*)

.rel.fini
 *(.rel.fini)

.rela.fini
 *(.rela.fini)

.rel.rodata
 *(.rel.rodata)
 *(.rel.rodata.*)
 *(.rel.gnu.linkonce.r*)

.rela.rodata
 *(.rela.rodata)
 *(.rela.rodata.*)
 *(.rela.gnu.linkonce.r*)

.rel.data
 *(.rel.data)
 *(.rel.data.*)
 *(.rel.gnu.linkonce.d*)

.rela.data
 *(.rela.data)
 *(.rela.data.*)
 *(.rela.gnu.linkonce.d*)

.rel.ctors
 *(.rel.ctors)

.rela.ctors
 *(.rela.ctors)

.rel.dtors
 *(.rel.dtors)

.rela.dtors
 *(.rela.dtors)

.rel.got
 *(.rel.got)

.rela.got
 *(.rela.got)

.rel.bss
 *(.rel.bss)

.rela.bss
 *(.rela.bss)

.rel.plt
 *(.rel.plt)

.rela.plt
 *(.rela.plt)

.text           0x00000000     0x22d6
 *(.vectors)
 .vectors       0x00000000       0x70 c:/program files (x86)/atmel/atmel toolchain/avr8 gcc/native/3.4.1061/avr8-gnu-toolchain/bin/../lib/gcc/avr/4.8.1/../../../../avr/lib/avr5/crtm162.o
                0x00000000                __vector_default
                0x00000000                __vectors
 *(.vectors)
 *(.progmem.gcc*)
                0x00000070                . = ALIGN (0x2)
                0x00000070                __trampolines_start = .
 *(.trampolines)
 .trampolines   0x00000070        0x0 linker stubs
 *(.trampolines*)
                0x00000070                __trampolines_end = .
 *(.progmem*)
 .progmem.data.font8
                0x00000070      0x308 OLED.o
                0x00000070                font8
 .progmem.data  0x00000378        0xc c:/program files (x86)/atmel/atmel toolchain/avr8 gcc/native/3.4.1061/avr8-gnu-toolchain/bin/../lib/gcc/avr/4.8.1/../../../../avr/lib/avr5\libc.a(vfscanf_std.o)
                0x00000384                . = ALIGN (0x2)
 *(.jumptables)
 *(.jumptables*)
 *(.lowtext)
 *(.lowtext*)
                0x00000384                __ctors_start = .
 *(.ctors)
                0x00000384                __ctors_end = .
                0x00000384                __dtors_start = .
 *(.dtors)
                0x00000384                __dtors_end = .
 SORT(*)(.ctors)
 SORT(*)(.dtors)
 *(.init0)
 .init0         0x00000384        0x0 c:/program files (x86)/atmel/atmel toolchain/avr8 gcc/native/3.4.1061/avr8-gnu-toolchain/bin/../lib/gcc/avr/4.8.1/../../../../avr/lib/avr5/crtm162.o
                0x00000384                __init
 *(.init0)
 *(.init1)
 *(.init1)
 *(.init2)
 .init2         0x00000384        0xc c:/program files (x86)/atmel/atmel toolchain/avr8 gcc/native/3.4.1061/avr8-gnu-toolchain/bin/../lib/gcc/avr/4.8.1/../../../../avr/lib/avr5/crtm162.o
 *(.init2)
 *(.init3)
 *(.init3)
 *(.init4)
 .init4         0x00000390       0x16 c:/program files (x86)/atmel/atmel toolchain/avr8 gcc/native/3.4.1061/avr8-gnu-toolchain/bin/../lib/gcc/avr/4.8.1/avr5\libgcc.a(_copy_data.o)
                0x00000390                __do_copy_data
 .init4         0x000003a6       0x10 c:/program files (x86)/atmel/atmel toolchain/avr8 gcc/native/3.4.1061/avr8-gnu-toolchain/bin/../lib/gcc/avr/4.8.1/avr5\libgcc.a(_clear_bss.o)
                0x000003a6                __do_clear_bss
 *(.init4)
 *(.init5)
 *(.init5)
 *(.init6)
 *(.init6)
 *(.init7)
 *(.init7)
 *(.init8)
 *(.init8)
 *(.init9)
 .init9         0x000003b6        0x6 c:/program files (x86)/atmel/atmel toolchain/avr8 gcc/native/3.4.1061/avr8-gnu-toolchain/bin/../lib/gcc/avr/4.8.1/../../../../avr/lib/avr5/crtm162.o
 *(.init9)
 *(.text)
 .text          0x000003bc        0x2 c:/program files (x86)/atmel/atmel toolchain/avr8 gcc/native/3.4.1061/avr8-gnu-toolchain/bin/../lib/gcc/avr/4.8.1/../../../../avr/lib/avr5/crtm162.o
                0x000003bc                __vector_22
                0x000003bc                __vector_1
                0x000003bc                __vector_24
                0x000003bc                __vector_12
                0x000003bc                __bad_interrupt
                0x000003bc                __vector_6
                0x000003bc                __vector_23
                0x000003bc                __vector_25
                0x000003bc                __vector_11
                0x000003bc                __vector_13
                0x000003bc                __vector_17
                0x000003bc                __vector_19
                0x000003bc                __vector_7
                0x000003bc                __vector_27
                0x000003bc                __vector_5
                0x000003bc                __vector_4
                0x000003bc                __vector_9
                0x000003bc                __vector_2
                0x000003bc                __vector_21
                0x000003bc                __vector_15
                0x000003bc                __vector_8
                0x000003bc                __vector_26
                0x000003bc                __vector_14
                0x000003bc                __vector_10
                0x000003bc                __vector_16
                0x000003bc                __vector_18
                0x000003bc                __vector_20
                0x000003be                . = ALIGN (0x2)
 *(.text.*)
 .text.ADC_read
                0x000003be       0x6a ADC.o
                0x000003be                ADC_read
 .text.CAN_init
                0x00000428        0xe CAN.o
                0x00000428                CAN_init
 .text.CAN_message_send
                0x00000436       0x58 CAN.o
                0x00000436                CAN_message_send
 .text.CAN_receive
                0x0000048e       0x76 CAN.o
                0x0000048e                CAN_receive
 .text.__vector_3
                0x00000504       0x1e CAN.o
                0x00000504                __vector_3
 .text.send_all_slider
                0x00000522       0x56 CAN_joystick.o
                0x00000522                send_all_slider
 .text.send_all_joy
                0x00000578       0x56 CAN_joystick.o
                0x00000578                send_all_joy
 .text.EEPROM_write
                0x000005ce       0x10 EEPROM.o
                0x000005ce                EEPROM_write
 .text.EEPROM_read
                0x000005de        0xe EEPROM.o
                0x000005de                EEPROM_read
 .text.fsm_getCurrentState
                0x000005ec        0x6 fsm.o
                0x000005ec                fsm_getCurrentState
 .text.fsm_evMainMenu
                0x000005f2       0x10 fsm.o
                0x000005f2                fsm_evMainMenu
 .text.fsm_evInit
                0x00000602       0x18 fsm.o
                0x00000602                fsm_evInit
 .text.fsm_evPong
                0x0000061a       0x12 fsm.o
                0x0000061a                fsm_evPong
 .text.fsm_evSnek
                0x0000062c       0x14 fsm.o
                0x0000062c                fsm_evSnek
 .text.fsm_evThanksTo
                0x00000640       0x12 fsm.o
                0x00000640                fsm_evThanksTo
 .text.fsm_menuNavigate
                0x00000652       0x80 fsm.o
                0x00000652                fsm_menuNavigate
 .text.fsm_Return
                0x000006d2       0x24 fsm.o
                0x000006d2                fsm_Return
 .text.JOY_init
                0x000006f6        0x4 joystick.o
                0x000006f6                JOY_init
 .text.JOY_get_button
                0x000006fa        0x8 joystick.o
                0x000006fa                JOY_get_button
 .text.JOY_get_x
                0x00000702       0x10 joystick.o
                0x00000702                JOY_get_x
 .text.JOY_get_y
                0x00000712       0x10 joystick.o
                0x00000712                JOY_get_y
 .text.JOY_get_dir_y
                0x00000722       0x22 joystick.o
                0x00000722                JOY_get_dir_y
 .text.right_slider_pos
                0x00000744        0x6 joystick.o
                0x00000744                right_slider_pos
 .text.main     0x0000074a       0x78 main.o
                0x0000074a                main
 .text.mcp2515_read
                0x000007c2       0x16 MCP2515.o
                0x000007c2                mcp2515_read
 .text.mcp2515_write
                0x000007d8       0x1e MCP2515.o
                0x000007d8                mcp2515_write
 .text.mcp2515_set_mode
                0x000007f6        0x8 MCP2515.o
                0x000007f6                mcp2515_set_mode
 .text.mcp2515_request_to_send
                0x000007fe        0x8 MCP2515.o
                0x000007fe                mcp2515_request_to_send
 .text.mcp2515_bit_modify
                0x00000806       0x28 MCP2515.o
                0x00000806                mcp2515_bit_modify
 .text.mcp2515_reset
                0x0000082e       0x1a MCP2515.o
                0x0000082e                mcp2515_reset
 .text.mcp2515_init
                0x00000848       0x54 MCP2515.o
                0x00000848                mcp2515_init
 .text.init_memory
                0x0000089c        0xe memory.o
                0x0000089c                init_memory
 .text.OLED_init
                0x000008aa       0x72 OLED.o
                0x000008aa                OLED_init
 .text.OLED_home
                0x0000091c       0x18 OLED.o
                0x0000091c                OLED_home
 .text.OLED_goto_line
                0x00000934       0x22 OLED.o
                0x00000934                OLED_goto_line
 .text.OLED_clear_line
                0x00000956       0x28 OLED.o
                0x00000956                OLED_clear_line
 .text.OLED_clear
                0x0000097e       0x14 OLED.o
                0x0000097e                OLED_clear
 .text.OLED_load_sym
                0x00000992       0x24 OLED.o
                0x00000992                OLED_load_sym
 .text.OLED_store_str
                0x000009b6       0x3c OLED.o
                0x000009b6                OLED_store_str
 .text.OLED_store_sym
                0x000009f2       0x20 OLED.o
                0x000009f2                OLED_store_sym
 .text.OLED_refresh
                0x00000a12       0x5c OLED.o
                0x00000a12                OLED_refresh
 .text.OLED_store_menu
                0x00000a6e       0x6e OLED.o
                0x00000a6e                OLED_store_menu
 .text.OLED_loading_screen
                0x00000adc       0x78 OLED.o
                0x00000adc                OLED_loading_screen
 .text.OLED_loading_screen_long
                0x00000b54       0x78 OLED.o
                0x00000b54                OLED_loading_screen_long
 .text.OLED_game_over_screen
                0x00000bcc       0x22 OLED.o
                0x00000bcc                OLED_game_over_screen
 .text.pong_update_score
                0x00000bee       0xda pong.o
                0x00000bee                pong_update_score
 .text.pong_init
                0x00000cc8       0x9c pong.o
                0x00000cc8                pong_init
 .text.pong_print_highscore
                0x00000d64       0xca pong.o
                0x00000d64                pong_print_highscore
 .text.pong_save_highscore
                0x00000e2e       0xb4 pong.o
                0x00000e2e                pong_save_highscore
 .text.pong_load_highscore
                0x00000ee2       0xc6 pong.o
                0x00000ee2                pong_load_highscore
 .text.pong_highscore_init
                0x00000fa8        0x4 pong.o
                0x00000fa8                pong_highscore_init
 .text.print_struct
                0x00000fac       0x4c pong.o
                0x00000fac                print_struct
 .text.pong_place_highscore
                0x00000ff8      0x1b6 pong.o
                0x00000ff8                pong_place_highscore
 .text.pong_get_highscore_line
                0x000011ae       0x68 pong.o
                0x000011ae                pong_get_highscore_line
 .text.pong_update_highscore
                0x00001216       0x38 pong.o
                0x00001216                pong_update_highscore
 .text.pong_JOY
                0x0000124e       0x5c pong.o
                0x0000124e                pong_JOY
 .text.pong_slider
                0x000012aa       0x5c pong.o
                0x000012aa                pong_slider
 .text.pong_play
                0x00001306       0x12 pong.o
                0x00001306                pong_play
 .text.snek     0x00001318        0x8 snek.o
                0x00001318                snek
 .text.SPI_master_init
                0x00001320        0xe SPI.o
                0x00001320                SPI_master_init
 .text.SPI_read
                0x0000132e        0xc SPI.o
                0x0000132e                SPI_read
 .text.SPI_send
                0x0000133a        0x8 SPI.o
                0x0000133a                SPI_send
 .text.USART_Transmit
                0x00001342        0x8 USART.o
                0x00001342                USART_Transmit
 .text.USART_Receive
                0x0000134a        0x8 USART.o
                0x0000134a                USART_Receive
 .text.USART_Init
                0x00001352       0x20 USART.o
                0x00001352                USART_Init
 .text.avr-libc
                0x00001372       0x14 c:/program files (x86)/atmel/atmel toolchain/avr8 gcc/native/3.4.1061/avr8-gnu-toolchain/bin/../lib/gcc/avr/4.8.1/../../../../avr/lib/avr5\libc.a(itoa_ncheck.o)
                0x00001372                __itoa_ncheck
 .text.avr-libc
                0x00001386       0x32 c:/program files (x86)/atmel/atmel toolchain/avr8 gcc/native/3.4.1061/avr8-gnu-toolchain/bin/../lib/gcc/avr/4.8.1/../../../../avr/lib/avr5\libc.a(utoa_ncheck.o)
                0x00001386                __utoa_ncheck
                0x00001388                __utoa_common
 .text.avr-libc
                0x000013b8       0x94 c:/program files (x86)/atmel/atmel toolchain/avr8 gcc/native/3.4.1061/avr8-gnu-toolchain/bin/../lib/gcc/avr/4.8.1/../../../../avr/lib/avr5\libc.a(fdevopen.o)
                0x000013b8                fdevopen
 .text.avr-libc
                0x0000144c       0x22 c:/program files (x86)/atmel/atmel toolchain/avr8 gcc/native/3.4.1061/avr8-gnu-toolchain/bin/../lib/gcc/avr/4.8.1/../../../../avr/lib/avr5\libc.a(printf.o)
                0x0000144c                printf
 .text.avr-libc
                0x0000146e        0xa c:/program files (x86)/atmel/atmel toolchain/avr8 gcc/native/3.4.1061/avr8-gnu-toolchain/bin/../lib/gcc/avr/4.8.1/../../../../avr/lib/avr5\libc.a(putchar.o)
                0x0000146e                putchar
 .text.avr-libc
                0x00001478       0x22 c:/program files (x86)/atmel/atmel toolchain/avr8 gcc/native/3.4.1061/avr8-gnu-toolchain/bin/../lib/gcc/avr/4.8.1/../../../../avr/lib/avr5\libc.a(scanf.o)
                0x00001478                scanf
 .text.avr-libc
                0x0000149a       0x3e c:/program files (x86)/atmel/atmel toolchain/avr8 gcc/native/3.4.1061/avr8-gnu-toolchain/bin/../lib/gcc/avr/4.8.1/../../../../avr/lib/avr5\libc.a(sprintf.o)
                0x0000149a                sprintf
 .text.avr-libc
                0x000014d8      0x386 c:/program files (x86)/atmel/atmel toolchain/avr8 gcc/native/3.4.1061/avr8-gnu-toolchain/bin/../lib/gcc/avr/4.8.1/../../../../avr/lib/avr5\libc.a(vfprintf_std.o)
                0x000014d8                vfprintf
 .text.avr-libc
                0x0000185e      0x530 c:/program files (x86)/atmel/atmel toolchain/avr8 gcc/native/3.4.1061/avr8-gnu-toolchain/bin/../lib/gcc/avr/4.8.1/../../../../avr/lib/avr5\libc.a(vfscanf_std.o)
                0x00001b3c                vfscanf
 .text.avr-libc
                0x00001d8e       0x34 c:/program files (x86)/atmel/atmel toolchain/avr8 gcc/native/3.4.1061/avr8-gnu-toolchain/bin/../lib/gcc/avr/4.8.1/../../../../avr/lib/avr5\libc.a(calloc.o)
                0x00001d8e                calloc
 .text.avr-libc
                0x00001dc2      0x24e c:/program files (x86)/atmel/atmel toolchain/avr8 gcc/native/3.4.1061/avr8-gnu-toolchain/bin/../lib/gcc/avr/4.8.1/../../../../avr/lib/avr5\libc.a(malloc.o)
                0x00001dc2                malloc
                0x00001ef2                free
 .text.avr-libc
                0x00002010       0x10 c:/program files (x86)/atmel/atmel toolchain/avr8 gcc/native/3.4.1061/avr8-gnu-toolchain/bin/../lib/gcc/avr/4.8.1/../../../../avr/lib/avr5\libc.a(isspace.o)
                0x00002010                isspace
 .text.avr-libc
                0x00002020       0x16 c:/program files (x86)/atmel/atmel toolchain/avr8 gcc/native/3.4.1061/avr8-gnu-toolchain/bin/../lib/gcc/avr/4.8.1/../../../../avr/lib/avr5\libc.a(strchr_P.o)
                0x00002020                strchr_P
 .text.avr-libc
                0x00002036       0x16 c:/program files (x86)/atmel/atmel toolchain/avr8 gcc/native/3.4.1061/avr8-gnu-toolchain/bin/../lib/gcc/avr/4.8.1/../../../../avr/lib/avr5\libc.a(strnlen_P.o)
                0x00002036                strnlen_P
 .text.avr-libc
                0x0000204c        0xe c:/program files (x86)/atmel/atmel toolchain/avr8 gcc/native/3.4.1061/avr8-gnu-toolchain/bin/../lib/gcc/avr/4.8.1/../../../../avr/lib/avr5\libc.a(memset.o)
                0x0000204c                memset
 .text.avr-libc
                0x0000205a       0x16 c:/program files (x86)/atmel/atmel toolchain/avr8 gcc/native/3.4.1061/avr8-gnu-toolchain/bin/../lib/gcc/avr/4.8.1/../../../../avr/lib/avr5\libc.a(strnlen.o)
                0x0000205a                strnlen
 .text.avr-libc
                0x00002070       0x20 c:/program files (x86)/atmel/atmel toolchain/avr8 gcc/native/3.4.1061/avr8-gnu-toolchain/bin/../lib/gcc/avr/4.8.1/../../../../avr/lib/avr5\libc.a(strrev.o)
                0x00002070                strrev
 .text.avr-libc
                0x00002090       0x7c c:/program files (x86)/atmel/atmel toolchain/avr8 gcc/native/3.4.1061/avr8-gnu-toolchain/bin/../lib/gcc/avr/4.8.1/../../../../avr/lib/avr5\libc.a(fgetc.o)
                0x00002090                fgetc
 .text.avr-libc
                0x0000210c       0x64 c:/program files (x86)/atmel/atmel toolchain/avr8 gcc/native/3.4.1061/avr8-gnu-toolchain/bin/../lib/gcc/avr/4.8.1/../../../../avr/lib/avr5\libc.a(fputc.o)
                0x0000210c                fputc
 .text.avr-libc
                0x00002170       0x32 c:/program files (x86)/atmel/atmel toolchain/avr8 gcc/native/3.4.1061/avr8-gnu-toolchain/bin/../lib/gcc/avr/4.8.1/../../../../avr/lib/avr5\libc.a(ungetc.o)
                0x00002170                ungetc
 .text.avr-libc
                0x000021a2       0xbc c:/program files (x86)/atmel/atmel toolchain/avr8 gcc/native/3.4.1061/avr8-gnu-toolchain/bin/../lib/gcc/avr/4.8.1/../../../../avr/lib/avr5\libc.a(ultoa_invert.o)
                0x000021a2                __ultoa_invert
 .text.avr-libc
                0x0000225e        0x6 c:/program files (x86)/atmel/atmel toolchain/avr8 gcc/native/3.4.1061/avr8-gnu-toolchain/bin/../lib/gcc/avr/4.8.1/../../../../avr/lib/avr5\libc.a(cty_isfalse.o)
                0x0000225e                __ctype_isfalse
                0x00002262                __ctype_istrue
 .text.libgcc.prologue
                0x00002264       0x38 c:/program files (x86)/atmel/atmel toolchain/avr8 gcc/native/3.4.1061/avr8-gnu-toolchain/bin/../lib/gcc/avr/4.8.1/avr5\libgcc.a(_prologue.o)
                0x00002264                __prologue_saves__
 .text.libgcc.prologue
                0x0000229c       0x36 c:/program files (x86)/atmel/atmel toolchain/avr8 gcc/native/3.4.1061/avr8-gnu-toolchain/bin/../lib/gcc/avr/4.8.1/avr5\libgcc.a(_epilogue.o)
                0x0000229c                __epilogue_restores__
                0x000022d2                . = ALIGN (0x2)
 *(.fini9)
 .fini9         0x000022d2        0x0 c:/program files (x86)/atmel/atmel toolchain/avr8 gcc/native/3.4.1061/avr8-gnu-toolchain/bin/../lib/gcc/avr/4.8.1/avr5\libgcc.a(_exit.o)
                0x000022d2                _exit
                0x000022d2                exit
 *(.fini9)
 *(.fini8)
 *(.fini8)
 *(.fini7)
 *(.fini7)
 *(.fini6)
 *(.fini6)
 *(.fini5)
 *(.fini5)
 *(.fini4)
 *(.fini4)
 *(.fini3)
 *(.fini3)
 *(.fini2)
 *(.fini2)
 *(.fini1)
 *(.fini1)
 *(.fini0)
 .fini0         0x000022d2        0x4 c:/program files (x86)/atmel/atmel toolchain/avr8 gcc/native/3.4.1061/avr8-gnu-toolchain/bin/../lib/gcc/avr/4.8.1/avr5\libgcc.a(_exit.o)
 *(.fini0)
                0x000022d6                _etext = .

.data           0x00800100      0x2ea load address 0x000022d6
                0x00800100                PROVIDE (__data_start, .)
 *(.data)
 .data          0x00800100        0x6 c:/program files (x86)/atmel/atmel toolchain/avr8 gcc/native/3.4.1061/avr8-gnu-toolchain/bin/../lib/gcc/avr/4.8.1/../../../../avr/lib/avr5\libc.a(malloc.o)
                0x00800100                __malloc_heap_end
                0x00800102                __malloc_heap_start
                0x00800104                __malloc_margin
 *(.data*)
 .data.Highscore
                0x00800106       0x12 pong.o
 *(.rodata)
 .rodata        0x00800118        0xb pong.o
 *(.rodata*)
 .rodata.str1.1
                0x00800123      0x118 fsm.o
 .rodata.str1.1
                0x0080023b       0x44 MCP2515.o
 .rodata.str1.1
                0x0080027f       0x22 OLED.o
 .rodata.str1.1
                0x008002a1      0x148 pong.o
                                0x14c (size before relaxing)
 *(.gnu.linkonce.d*)
                0x008003ea                . = ALIGN (0x2)
 *fill*         0x008003e9        0x1 
                0x008003ea                _edata = .
                0x008003ea                PROVIDE (__data_end, .)

.bss            0x008003ea        0xe
                0x008003ea                PROVIDE (__bss_start, .)
 *(.bss)
 *(.bss*)
 .bss.CAN_int_flag
                0x008003ea        0x1 CAN.o
 .bss.currentState
                0x008003eb        0x1 fsm.o
 .bss.cursor    0x008003ec        0x2 OLED.o
 *(COMMON)
 COMMON         0x008003ee        0x6 c:/program files (x86)/atmel/atmel toolchain/avr8 gcc/native/3.4.1061/avr8-gnu-toolchain/bin/../lib/gcc/avr/4.8.1/../../../../avr/lib/avr5\libc.a(iob.o)
                0x008003ee                __iob
 COMMON         0x008003f4        0x4 c:/program files (x86)/atmel/atmel toolchain/avr8 gcc/native/3.4.1061/avr8-gnu-toolchain/bin/../lib/gcc/avr/4.8.1/../../../../avr/lib/avr5\libc.a(malloc.o)
                0x008003f4                __brkval
                0x008003f6                __flp
                0x008003f8                PROVIDE (__bss_end, .)
                0x000022d6                __data_load_start = LOADADDR (.data)
                0x000025c0                __data_load_end = (__data_load_start + SIZEOF (.data))

.noinit         0x008003f8        0x0
                0x008003f8                PROVIDE (__noinit_start, .)
 *(.noinit*)
                0x008003f8                PROVIDE (__noinit_end, .)
                0x008003f8                _end = .
                0x008003f8                PROVIDE (__heap_start, .)

.eeprom         0x00810000        0x0
 *(.eeprom*)
                0x00810000                __eeprom_end = .

.fuse
 *(.fuse)
 *(.lfuse)
 *(.hfuse)
 *(.efuse)

.lock
 *(.lock*)

.signature
 *(.signature*)

.user_signatures
 *(.user_signatures*)

.stab
 *(.stab)

.stabstr
 *(.stabstr)

.stab.excl
 *(.stab.excl)

.stab.exclstr
 *(.stab.exclstr)

.stab.index
 *(.stab.index)

.stab.indexstr
 *(.stab.indexstr)

.comment        0x00000000       0x5c
 *(.comment)
 .comment       0x00000000       0x30 ADC.o
                                 0x31 (size before relaxing)
 .comment       0x00000000       0x31 CAN.o
 .comment       0x00000000       0x31 CAN_joystick.o
 .comment       0x00000000       0x31 EEPROM.o
 .comment       0x00000000       0x31 fsm.o
 .comment       0x00000000       0x31 joystick.o
 .comment       0x00000000       0x31 main.o
 .comment       0x00000000       0x31 MCP2515.o
 .comment       0x00000000       0x31 memory.o
 .comment       0x00000000       0x31 OLED.o
 .comment       0x00000000       0x31 pong.o
 .comment       0x00000000       0x31 snek.o
 .comment       0x00000000       0x31 SPI.o
 .comment       0x00000000       0x31 USART.o
 .comment       0x00000000       0x31 c:/program files (x86)/atmel/atmel toolchain/avr8 gcc/native/3.4.1061/avr8-gnu-toolchain/bin/../lib/gcc/avr/4.8.1/../../../../avr/lib/avr5\libc.a(fdevopen.o)
 .comment       0x00000000       0x31 c:/program files (x86)/atmel/atmel toolchain/avr8 gcc/native/3.4.1061/avr8-gnu-toolchain/bin/../lib/gcc/avr/4.8.1/../../../../avr/lib/avr5\libc.a(iob.o)
 .comment       0x00000000       0x31 c:/program files (x86)/atmel/atmel toolchain/avr8 gcc/native/3.4.1061/avr8-gnu-toolchain/bin/../lib/gcc/avr/4.8.1/../../../../avr/lib/avr5\libc.a(printf.o)
 .comment       0x00000000       0x31 c:/program files (x86)/atmel/atmel toolchain/avr8 gcc/native/3.4.1061/avr8-gnu-toolchain/bin/../lib/gcc/avr/4.8.1/../../../../avr/lib/avr5\libc.a(putchar.o)
 .comment       0x00000000       0x31 c:/program files (x86)/atmel/atmel toolchain/avr8 gcc/native/3.4.1061/avr8-gnu-toolchain/bin/../lib/gcc/avr/4.8.1/../../../../avr/lib/avr5\libc.a(scanf.o)
 .comment       0x00000000       0x31 c:/program files (x86)/atmel/atmel toolchain/avr8 gcc/native/3.4.1061/avr8-gnu-toolchain/bin/../lib/gcc/avr/4.8.1/../../../../avr/lib/avr5\libc.a(sprintf.o)
 .comment       0x00000030       0x2c c:/program files (x86)/atmel/atmel toolchain/avr8 gcc/native/3.4.1061/avr8-gnu-toolchain/bin/../lib/gcc/avr/4.8.1/../../../../avr/lib/avr5\libc.a(vfprintf_std.o)
                                 0x2d (size before relaxing)
 .comment       0x00000000       0x2d c:/program files (x86)/atmel/atmel toolchain/avr8 gcc/native/3.4.1061/avr8-gnu-toolchain/bin/../lib/gcc/avr/4.8.1/../../../../avr/lib/avr5\libc.a(vfscanf_std.o)
 .comment       0x00000000       0x31 c:/program files (x86)/atmel/atmel toolchain/avr8 gcc/native/3.4.1061/avr8-gnu-toolchain/bin/../lib/gcc/avr/4.8.1/../../../../avr/lib/avr5\libc.a(calloc.o)
 .comment       0x00000000       0x31 c:/program files (x86)/atmel/atmel toolchain/avr8 gcc/native/3.4.1061/avr8-gnu-toolchain/bin/../lib/gcc/avr/4.8.1/../../../../avr/lib/avr5\libc.a(malloc.o)
 .comment       0x00000000       0x31 c:/program files (x86)/atmel/atmel toolchain/avr8 gcc/native/3.4.1061/avr8-gnu-toolchain/bin/../lib/gcc/avr/4.8.1/../../../../avr/lib/avr5\libc.a(fgetc.o)
 .comment       0x00000000       0x31 c:/program files (x86)/atmel/atmel toolchain/avr8 gcc/native/3.4.1061/avr8-gnu-toolchain/bin/../lib/gcc/avr/4.8.1/../../../../avr/lib/avr5\libc.a(fputc.o)
 .comment       0x00000000       0x31 c:/program files (x86)/atmel/atmel toolchain/avr8 gcc/native/3.4.1061/avr8-gnu-toolchain/bin/../lib/gcc/avr/4.8.1/../../../../avr/lib/avr5\libc.a(ungetc.o)

.note.gnu.build-id
 *(.note.gnu.build-id)

.debug
 *(.debug)

.line
 *(.line)

.debug_srcinfo
 *(.debug_srcinfo)

.debug_sfnames
 *(.debug_sfnames)

.debug_aranges  0x00000000      0x3c8
 *(.debug_aranges)
 .debug_aranges
                0x00000000       0x20 ADC.o
 .debug_aranges
                0x00000020       0x40 CAN.o
 .debug_aranges
                0x00000060       0x30 CAN_joystick.o
 .debug_aranges
                0x00000090       0x30 EEPROM.o
 .debug_aranges
                0x000000c0       0x58 fsm.o
 .debug_aranges
                0x00000118       0x68 joystick.o
 .debug_aranges
                0x00000180       0x20 main.o
 .debug_aranges
                0x000001a0       0x58 MCP2515.o
 .debug_aranges
                0x000001f8       0x28 memory.o
 .debug_aranges
                0x00000220       0xa0 OLED.o
 .debug_aranges
                0x000002c0       0x80 pong.o
 .debug_aranges
                0x00000340       0x20 snek.o
 .debug_aranges
                0x00000360       0x30 SPI.o
 .debug_aranges
                0x00000390       0x38 USART.o

.debug_pubnames
 *(.debug_pubnames)

.debug_info     0x00000000     0x3566
 *(.debug_info .gnu.linkonce.wi.*)
 .debug_info    0x00000000      0x226 ADC.o
 .debug_info    0x00000226      0x3fa CAN.o
 .debug_info    0x00000620      0x2d7 CAN_joystick.o
 .debug_info    0x000008f7       0xfd EEPROM.o
 .debug_info    0x000009f4      0x56a fsm.o
 .debug_info    0x00000f5e      0x2ae joystick.o
 .debug_info    0x0000120c      0x2a0 main.o
 .debug_info    0x000014ac      0x47e MCP2515.o
 .debug_info    0x0000192a      0x17f memory.o
 .debug_info    0x00001aa9      0x990 OLED.o
 .debug_info    0x00002439      0xcd3 pong.o
 .debug_info    0x0000310c      0x102 snek.o
 .debug_info    0x0000320e       0xcc SPI.o
 .debug_info    0x000032da      0x28c USART.o

.debug_abbrev   0x00000000     0x13fb
 *(.debug_abbrev)
 .debug_abbrev  0x00000000      0x124 ADC.o
 .debug_abbrev  0x00000124      0x1e7 CAN.o
 .debug_abbrev  0x0000030b      0x13f CAN_joystick.o
 .debug_abbrev  0x0000044a       0xa6 EEPROM.o
 .debug_abbrev  0x000004f0      0x1e6 fsm.o
 .debug_abbrev  0x000006d6      0x12a joystick.o
 .debug_abbrev  0x00000800      0x122 main.o
 .debug_abbrev  0x00000922      0x1dd MCP2515.o
 .debug_abbrev  0x00000aff       0xc2 memory.o
 .debug_abbrev  0x00000bc1      0x28d OLED.o
 .debug_abbrev  0x00000e4e      0x2d9 pong.o
 .debug_abbrev  0x00001127       0xb0 snek.o
 .debug_abbrev  0x000011d7       0x95 SPI.o
 .debug_abbrev  0x0000126c      0x18f USART.o

.debug_line     0x00000000     0x3e25
 *(.debug_line .debug_line.* .debug_line_end)
 .debug_line    0x00000000      0x36c ADC.o
 .debug_line    0x0000036c      0x44d CAN.o
 .debug_line    0x000007b9      0x3f8 CAN_joystick.o
 .debug_line    0x00000bb1      0x34a EEPROM.o
 .debug_line    0x00000efb      0x552 fsm.o
 .debug_line    0x0000144d      0x441 joystick.o
 .debug_line    0x0000188e      0x416 main.o
 .debug_line    0x00001ca4      0x480 MCP2515.o
 .debug_line    0x00002124      0x39a memory.o
 .debug_line    0x000024be      0x7a2 OLED.o
 .debug_line    0x00002c60      0x7ff pong.o
 .debug_line    0x0000345f      0x308 snek.o
 .debug_line    0x00003767      0x340 SPI.o
 .debug_line    0x00003aa7      0x37e USART.o

.debug_frame    0x00000000      0xa48
 *(.debug_frame)
 .debug_frame   0x00000000       0x24 ADC.o
 .debug_frame   0x00000024       0xec CAN.o
 .debug_frame   0x00000110       0xa0 CAN_joystick.o
 .debug_frame   0x000001b0       0x44 EEPROM.o
 .debug_frame   0x000001f4       0xc0 fsm.o
 .debug_frame   0x000002b4       0xc0 joystick.o
 .debug_frame   0x00000374       0x24 main.o
 .debug_frame   0x00000398       0xcc MCP2515.o
 .debug_frame   0x00000464       0xa8 memory.o
 .debug_frame   0x0000050c      0x1b0 OLED.o
 .debug_frame   0x000006bc      0x2b4 pong.o
 .debug_frame   0x00000970       0x24 snek.o
 .debug_frame   0x00000994       0x44 SPI.o
 .debug_frame   0x000009d8       0x70 USART.o

.debug_str      0x00000000     0x9618
 *(.debug_str)
 .debug_str     0x00000000     0x707a ADC.o
                               0x71b0 (size before relaxing)
 .debug_str     0x0000707a      0x840 CAN.o
                               0x793c (size before relaxing)
 .debug_str     0x000078ba       0x99 CAN_joystick.o
                               0x7938 (size before relaxing)
 .debug_str     0x00007953       0x58 EEPROM.o
                               0x713b (size before relaxing)
 .debug_str     0x000079ab      0x60b fsm.o
                               0x7f36 (size before relaxing)
 .debug_str     0x00007fb6       0x45 joystick.o
                               0x7216 (size before relaxing)
 .debug_str     0x00007ffb       0x45 main.o
                               0x7dfd (size before relaxing)
 .debug_str     0x00008040       0x94 MCP2515.o
                               0x7993 (size before relaxing)
 .debug_str     0x000080d4       0x6b memory.o
                               0x716e (size before relaxing)
 .debug_str     0x0000813f     0x12f2 OLED.o
                               0x85d4 (size before relaxing)
 .debug_str     0x00009431      0x16c pong.o
                               0x8053 (size before relaxing)
 .debug_str     0x0000959d        0xc snek.o
                               0x7246 (size before relaxing)
 .debug_str     0x000095a9        0xb SPI.o
                               0x711e (size before relaxing)
 .debug_str     0x000095b4       0x64 USART.o
                               0x71b1 (size before relaxing)

.debug_loc      0x00000000     0x24ca
 *(.debug_loc)
 .debug_loc     0x00000000      0x1dc ADC.o
 .debug_loc     0x000001dc      0x35f CAN.o
 .debug_loc     0x0000053b      0x27d CAN_joystick.o
 .debug_loc     0x000007b8       0x24 EEPROM.o
 .debug_loc     0x000007dc      0x197 fsm.o
 .debug_loc     0x00000973       0xd0 joystick.o
 .debug_loc     0x00000a43      0x2cd MCP2515.o
 .debug_loc     0x00000d10      0x1c2 memory.o
 .debug_loc     0x00000ed2      0x9e3 OLED.o
 .debug_loc     0x000018b5      0xbb4 pong.o
 .debug_loc     0x00002469       0x61 USART.o

.debug_macinfo
 *(.debug_macinfo)

.debug_weaknames
 *(.debug_weaknames)

.debug_funcnames
 *(.debug_funcnames)

.debug_typenames
 *(.debug_typenames)

.debug_varnames
 *(.debug_varnames)

.debug_pubtypes
 *(.debug_pubtypes)

.debug_ranges   0x00000000      0x490
 *(.debug_ranges)
 .debug_ranges  0x00000000       0x10 ADC.o
 .debug_ranges  0x00000010       0x30 CAN.o
 .debug_ranges  0x00000040       0x20 CAN_joystick.o
 .debug_ranges  0x00000060       0x20 EEPROM.o
 .debug_ranges  0x00000080       0x48 fsm.o
 .debug_ranges  0x000000c8       0x58 joystick.o
 .debug_ranges  0x00000120       0x10 main.o
 .debug_ranges  0x00000130       0x48 MCP2515.o
 .debug_ranges  0x00000178       0x48 memory.o
 .debug_ranges  0x000001c0      0x120 OLED.o
 .debug_ranges  0x000002e0      0x158 pong.o
 .debug_ranges  0x00000438       0x10 snek.o
 .debug_ranges  0x00000448       0x20 SPI.o
 .debug_ranges  0x00000468       0x28 USART.o

.debug_macro    0x00000000     0x3b6f
 *(.debug_macro)
 .debug_macro   0x00000000      0x107 ADC.o
 .debug_macro   0x00000107      0xa30 ADC.o
 .debug_macro   0x00000b37       0x10 ADC.o
 .debug_macro   0x00000b47       0x10 ADC.o
 .debug_macro   0x00000b57      0x1ad ADC.o
 .debug_macro   0x00000d04      0x293 ADC.o
 .debug_macro   0x00000f97       0x9e ADC.o
 .debug_macro   0x00001035      0xf36 ADC.o
 .debug_macro   0x00001f6b      0x185 ADC.o
 .debug_macro   0x000020f0       0xbd ADC.o
 .debug_macro   0x000021ad       0x34 ADC.o
 .debug_macro   0x000021e1       0x18 ADC.o
 .debug_macro   0x000021f9       0x6c ADC.o
 .debug_macro   0x00002265       0x69 ADC.o
 .debug_macro   0x000022ce       0x10 ADC.o
 .debug_macro   0x000022de      0x16d ADC.o
 .debug_macro   0x0000244b       0x58 ADC.o
 .debug_macro   0x000024a3       0x10 ADC.o
 .debug_macro   0x000024b3       0x97 ADC.o
 .debug_macro   0x0000254a       0xeb ADC.o
 .debug_macro   0x00002635       0x1c ADC.o
 .debug_macro   0x00002651       0x97 ADC.o
 .debug_macro   0x000026e8       0x60 ADC.o
 .debug_macro   0x00002748       0x1c ADC.o
 .debug_macro   0x00002764      0x11e CAN.o
 .debug_macro   0x00002882       0x10 CAN.o
 .debug_macro   0x00002892       0x1c CAN.o
 .debug_macro   0x000028ae      0x2bb CAN.o
 .debug_macro   0x00002b69      0x132 CAN_joystick.o
 .debug_macro   0x00002c9b      0x101 EEPROM.o
 .debug_macro   0x00002d9c      0x188 fsm.o
 .debug_macro   0x00002f24       0x16 fsm.o
 .debug_macro   0x00002f3a       0x10 fsm.o
 .debug_macro   0x00002f4a       0x46 fsm.o
 .debug_macro   0x00002f90       0x2e fsm.o
 .debug_macro   0x00002fbe      0x10a joystick.o
 .debug_macro   0x000030c8      0x188 main.o
 .debug_macro   0x00003250      0x110 MCP2515.o
 .debug_macro   0x00003360      0x101 memory.o
 .debug_macro   0x00003461      0x127 OLED.o
 .debug_macro   0x00003588       0x40 OLED.o
 .debug_macro   0x000035c8       0x10 OLED.o
 .debug_macro   0x000035d8       0x12 OLED.o
 .debug_macro   0x000035ea       0xe2 OLED.o
 .debug_macro   0x000036cc      0x188 pong.o
 .debug_macro   0x00003854      0x11a snek.o
 .debug_macro   0x0000396e      0x101 SPI.o
 .debug_macro   0x00003a6f      0x100 USART.o
OUTPUT(Node1.elf elf32-avr)
LOAD linker stubs
